******************************************************************************
                  TI ARM Linker PC v18.1.2                     
******************************************************************************
>> Linked Thu Jan 17 21:08:18 2019

OUTPUT FILE NAME:   <lab4.out>
ENTRY POINT SYMBOL: "_c_int00_noargs"  address: 00002d6d


MEMORY CONFIGURATION

         name            origin    length      used     unused   attr    fill
----------------------  --------  ---------  --------  --------  ----  --------
  MAIN                  00000000   00040000  00003221  0003cddf  R  X
  INFO                  00200000   00004000  00000000  00004000  R  X
  SRAM_CODE             01000000   00010000  000009c8  0000f638  RW X
  SRAM_DATA             20000000   00010000  000009c8  0000f638  RW  


SEGMENT ALLOCATION MAP

run origin  load origin   length   init length attrs members
----------  ----------- ---------- ----------- ----- -------
00000000    00000000    00003228   00003228    r-x
  00000000    00000000    000000e4   000000e4    r-- .intvecs
  000000e4    000000e4    00002f9c   00002f9c    r-x .text
  00003080    00003080    00000101   00000101    r-- .const
  00003188    00003188    000000a0   000000a0    r-- .cinit
20000000    20000000    000007c8   00000000    rw-
  20000000    20000000    00000400   00000000    rw- .sysmem
  20000400    20000400    00000200   00000000    rw- .data
  20000600    20000600    000001c8   00000000    rw- .bss
2000fe00    2000fe00    00000200   00000000    rw-
  2000fe00    2000fe00    00000200   00000000    rw- .stack


SECTION ALLOCATION MAP

 output                                  attributes/
section   page    origin      length       input sections
--------  ----  ----------  ----------   ----------------
.intvecs   0    00000000    000000e4     
                  00000000    000000e4     startup_msp432p401r_ccs.obj (.intvecs:retain)

.text      0    000000e4    00002f9c     
                  000000e4    00000a5e     rtsv7M4_T_le_v4SPD16_eabi.lib : _printfi.c.obj (.text:__TI_printfi)
                  00000b42    00000002                                   : _lock.c.obj (.text:_nop)
                  00000b44    00000334     system_msp432p401r.obj (.text)
                  00000e78    00000320     main.obj (.text)
                  00001198    00000270     rtsv7M4_T_le_v4SPD16_eabi.lib : _printfi.c.obj (.text:_pconv_a)
                  00001408    000001d0                                   : _printfi.c.obj (.text:_pconv_g)
                  000015d8    000001b6                                   : fd_add_t2.asm.obj (.text)
                  0000178e    00000002                                   : div0.asm.obj (.text)
                  00001790    0000013c                                   : _printfi.c.obj (.text:_pconv_e)
                  000018cc    00000136                                   : fd_div_t2.asm.obj (.text)
                  00001a02    00000002     --HOLE-- [fill = 0]
                  00001a04    00000120                                   : _printfi.c.obj (.text:fcvt)
                  00001b24    00000114                                   : fputs.c.obj (.text:fputs)
                  00001c38    00000110                                   : s_scalbn.c.obj (.text:scalbn)
                  00001d48    000000fc                                   : fd_mul_t2.asm.obj (.text)
                  00001e44    000000dc                                   : setvbuf.c.obj (.text:setvbuf)
                  00001f20    000000d8                                   : memory.c.obj (.text:free)
                  00001ff8    000000b1                                   : _printfi.c.obj (.text:_ltostr)
                  000020a9    00000001     --HOLE-- [fill = 0]
                  000020aa    0000009c                                   : memcpy_t2.asm.obj (.text)
                  00002146    00000096                                   : ull_div_t2.asm.obj (.text)
                  000021dc    0000008c                                   : fputc.c.obj (.text:fputc)
                  00002268    00000086                                   : fd_cmp_t2.asm.obj (.text:__aeabi_cdcmple)
                  000022ee    00000086                                   : fd_cmp_t2.asm.obj (.text:__aeabi_cdrcmple)
                  00002374    0000007a                                   : memset_t2.asm.obj (.text)
                  000023ee    00000002     --HOLE-- [fill = 0]
                  000023f0    00000078                                   : memory.c.obj (.text:malloc)
                  00002468    00000074                                   : fclose.c.obj (.text:__TI_closefile)
                  000024dc    0000006e                                   : _printfi.c.obj (.text:_mcpy)
                  0000254a    00000002     --HOLE-- [fill = 0]
                  0000254c    00000068                                   : hostlseek.c.obj (.text:HOSTlseek)
                  000025b4    00000068                                   : hostrename.c.obj (.text:HOSTrename)
                  0000261c    00000068                                   : copy_decompress_lzss.c.obj (.text:decompress:lzss:__TI_decompress_lzss)
                  00002684    00000068                                   : printf.c.obj (.text:printf)
                  000026ec    00000064                                   : s_frexp.c.obj (.text:frexp)
                  00002750    00000064                                   : fseek.c.obj (.text:fseek)
                  000027b4    00000062                                   : _io_perm.c.obj (.text:__TI_wrt_ok)
                  00002816    00000002     --HOLE-- [fill = 0]
                  00002818    00000060                                   : hostopen.c.obj (.text:HOSTopen)
                  00002878    0000005c                                   : close.c.obj (.text:close)
                  000028d4    00000058                                   : hostread.c.obj (.text:HOSTread)
                  0000292c    00000058                                   : hostwrite.c.obj (.text:HOSTwrite)
                  00002984    00000056                                   : _printfi.c.obj (.text:_pconv_f)
                  000029da    00000054                                   : ltoa.c.obj (.text:ltoa)
                  00002a2e    00000052                                   : _printfi.c.obj (.text:_ecpy)
                  00002a80    0000004c                                   : fflush.c.obj (.text:__TI_doflush)
                  00002acc    0000004c                                   : atoi.c.obj (.text:atoi)
                  00002b18    00000048                                   : exit.c.obj (.text:exit)
                  00002b60    00000048                                   : fd_toi_t2.asm.obj (.text)
                  00002ba8    00000044                                   : hostclose.c.obj (.text:HOSTclose)
                  00002bec    00000044                                   : hostunlink.c.obj (.text:HOSTunlink)
                  00002c30    00000044                                   : autoinit.c.obj (.text:__TI_auto_init_nobinit_nopinit:__TI_auto_init_nobinit_nopinit)
                  00002c74    00000044                                   : getdevice.c.obj (.text:getdevice)
                  00002cb8    0000003e                                   : _printfi.c.obj (.text:_fcpy)
                  00002cf6    00000002     --HOLE-- [fill = 0]
                  00002cf8    0000003c                                   : memory.c.obj (.text:minsert)
                  00002d34    00000038                                   : trgmsg.c.obj (.text:__TI_writemsg)
                  00002d6c    00000038                                   : boot_cortex_m.c.obj (.text:_c_int00_noargs:_c_int00_noargs)
                  00002da4    00000038                                   : memory.c.obj (.text:minit)
                  00002ddc    00000036                                   : strncpy.c.obj (.text:strncpy)
                  00002e12    00000002     --HOLE-- [fill = 0]
                  00002e14    00000034                                   : fopen.c.obj (.text:__TI_cleanup)
                  00002e48    00000034                                   : trgmsg.c.obj (.text:__TI_readmsg)
                  00002e7c    00000030                                   : getdevice.c.obj (.text:finddevice)
                  00002eac    0000002e                                   : i_tofd_t2.asm.obj (.text)
                  00002eda    00000002     --HOLE-- [fill = 0]
                  00002edc    0000002c                                   : unlink.c.obj (.text:unlink)
                  00002f08    00000028                                   : lseek.c.obj (.text:lseek)
                  00002f30    00000028                                   : memory.c.obj (.text:mremove)
                  00002f58    00000028                                   : write.c.obj (.text:write)
                  00002f80    00000020                                   : memchr.c.obj (.text:memchr)
                  00002fa0    0000001c                                   : memccpy.c.obj (.text:memccpy)
                  00002fbc    00000018                                   : strcmp.c.obj (.text:strcmp)
                  00002fd4    00000016                                   : strchr.c.obj (.text:strchr)
                  00002fea    00000014                                   : s_copysign.c.obj (.text:copysign)
                  00002ffe    00000014                                   : strcpy.c.obj (.text:strcpy)
                  00003012    00000014                                   : strlen.c.obj (.text:strlen)
                  00003026    00000012                                   : copy_zero_init.c.obj (.text:decompress:ZI:__TI_zero_init_nomemset:__TI_zero_init_nomemset)
                  00003038    00000012                                   : wcslen.c.obj (.text:wcslen)
                  0000304a    0000000e                                   : copy_decompress_none.c.obj (.text:decompress:none:__TI_decompress_none)
                  00003058    0000000e     startup_msp432p401r_ccs.obj (.text)
                  00003066    00000002     --HOLE-- [fill = 0]
                  00003068    00000008     rtsv7M4_T_le_v4SPD16_eabi.lib : errno.c.obj (.text:__aeabi_errno_addr)
                  00003070    00000004                                   : printf.c.obj (.text:_outc)
                  00003074    00000004                                   : printf.c.obj (.text:_outs)
                  00003078    00000004                                   : pre_init.c.obj (.text:_system_pre_init)
                  0000307c    00000004                                   : exit.c.obj (.text:abort:abort)

.const     0    00003080    00000101     
                  00003080    00000101     rtsv7M4_T_le_v4SPD16_eabi.lib : ctype.c.obj (.const:.string:_ctypes_)

.cinit     0    00003188    000000a0     
                  00003188    00000077     (.cinit..data.load) [load image, compression = lzss]
                  000031ff    00000001     --HOLE-- [fill = 0]
                  00003200    0000000c     (__TI_handler_table)
                  0000320c    00000004     --HOLE-- [fill = 0]
                  00003210    00000008     (.cinit..bss.load) [load image, compression = zero_init]
                  00003218    00000010     (__TI_cinit_table)

.init_array 
*          0    00000000    00000000     UNINITIALIZED

.binit     0    00000000    00000000     

.sysmem    0    20000000    00000400     UNINITIALIZED
                  20000000    00000008     rtsv7M4_T_le_v4SPD16_eabi.lib : memory.c.obj (.sysmem)
                  20000008    000003f8     --HOLE--

.data      0    20000400    00000200     UNINITIALIZED
                  20000400    000000f0     rtsv7M4_T_le_v4SPD16_eabi.lib : defs.c.obj (.data:_ftable)
                  200004f0    00000078                                   : write.c.obj (.data:_device)
                  20000568    00000050                                   : write.c.obj (.data:_stream)
                  200005b8    00000010     main.obj (.data)
                  200005c8    00000010     rtsv7M4_T_le_v4SPD16_eabi.lib : defs.c.obj (.data)
                  200005d8    0000000c                                   : exit.c.obj (.data:$O1$$)
                  200005e4    0000000c                                   : memory.c.obj (.data:$O1$$)
                  200005f0    00000008                                   : _lock.c.obj (.data:$O1$$)
                  200005f8    00000004                                   : errno.c.obj (.data)
                  200005fc    00000004     system_msp432p401r.obj (.data)

.bss       0    20000600    000001c8     UNINITIALIZED
                  20000600    00000120     rtsv7M4_T_le_v4SPD16_eabi.lib : trgmsg.c.obj (.bss:_CIOBUF_)
                  20000720    000000a0     (.common:__TI_tmpnams)
                  200007c0    00000008     (.common:parmbuf)

.stack     0    2000fe00    00000200     UNINITIALIZED
                  2000fe00    00000004     rtsv7M4_T_le_v4SPD16_eabi.lib : boot_cortex_m.c.obj (.stack)
                  2000fe04    000001fc     --HOLE--

MODULE SUMMARY

       Module                        code    ro data   rw data
       ------                        ----    -------   -------
    .\
       main.obj                      800     0         32     
       system_msp432p401r.obj        820     0         8      
       startup_msp432p401r_ccs.obj   14      228       0      
    +--+-----------------------------+-------+---------+---------+
       Total:                        1634    228       40     
                                                              
    C:\ti\ccsv8\tools\compiler\ti-cgt-arm_18.1.2.LTS\lib\rtsv7M4_T_le_v4SPD16_eabi.lib
       _printfi.c.obj                4863    0         0      
       defs.c.obj                    0       0         832    
       trgmsg.c.obj                  108     0         576    
       memory.c.obj                  492     0         24     
       write.c.obj                   40      0         400    
       fd_add_t2.asm.obj             438     0         0      
       fd_div_t2.asm.obj             310     0         0      
       fputs.c.obj                   276     0         0      
       s_scalbn.c.obj                272     0         0      
       fd_cmp_t2.asm.obj             268     0         0      
       ctype.c.obj                   0       257       0      
       fd_mul_t2.asm.obj             252     0         0      
       setvbuf.c.obj                 220     0         0      
       memcpy_t2.asm.obj             156     0         0      
       ull_div_t2.asm.obj            150     0         0      
       fputc.c.obj                   140     0         0      
       memset_t2.asm.obj             122     0         0      
       fclose.c.obj                  116     0         0      
       getdevice.c.obj               116     0         0      
       hostopen.c.obj                96      0         16     
       printf.c.obj                  112     0         0      
       copy_decompress_lzss.c.obj    104     0         0      
       hostlseek.c.obj               104     0         0      
       hostrename.c.obj              104     0         0      
       exit.c.obj                    76      0         24     
       fseek.c.obj                   100     0         0      
       s_frexp.c.obj                 100     0         0      
       _io_perm.c.obj                98      0         0      
       close.c.obj                   92      0         0      
       hostread.c.obj                88      0         0      
       hostwrite.c.obj               88      0         0      
       ltoa.c.obj                    84      0         0      
       atoi.c.obj                    76      0         0      
       fflush.c.obj                  76      0         0      
       fd_toi_t2.asm.obj             72      0         0      
       autoinit.c.obj                68      0         0      
       hostclose.c.obj               68      0         0      
       hostunlink.c.obj              68      0         0      
       boot_cortex_m.c.obj           56      0         0      
       strncpy.c.obj                 54      0         0      
       fopen.c.obj                   52      0         0      
       i_tofd_t2.asm.obj             46      0         0      
       unlink.c.obj                  44      0         0      
       lseek.c.obj                   40      0         0      
       memchr.c.obj                  32      0         0      
       memccpy.c.obj                 28      0         0      
       strcmp.c.obj                  24      0         0      
       strchr.c.obj                  22      0         0      
       s_copysign.c.obj              20      0         0      
       strcpy.c.obj                  20      0         0      
       strlen.c.obj                  20      0         0      
       _lock.c.obj                   2       0         16     
       copy_zero_init.c.obj          18      0         0      
       wcslen.c.obj                  18      0         0      
       errno.c.obj                   8       0         8      
       copy_decompress_none.c.obj    14      0         0      
       pre_init.c.obj                4       0         0      
       div0.asm.obj                  2       0         0      
    +--+-----------------------------+-------+---------+---------+
       Total:                        10537   257       1896   
                                                              
       Heap:                         0       0         2048   
       Stack:                        0       0         1024   
       Linker Generated:             0       155       0      
    +--+-----------------------------+-------+---------+---------+
       Grand Total:                  12171   640       5008   


LINKER GENERATED COPY TABLES

__TI_cinit_table @ 00003218 records: 2, size/record: 8, table size: 16
	.data: load addr=00003188, load size=00000077 bytes, run addr=20000400, run size=00000200 bytes, compression=lzss
	.bss: load addr=00003210, load size=00000008 bytes, run addr=20000600, run size=000001c8 bytes, compression=zero_init


LINKER GENERATED HANDLER TABLE

__TI_handler_table @ 00003200 records: 3, size/record: 4, table size: 12
	index: 0, handler: __TI_decompress_lzss
	index: 1, handler: __TI_decompress_none
	index: 2, handler: __TI_zero_init


GLOBAL SYMBOLS: SORTED ALPHABETICALLY BY Name 

address   name                           
-------   ----                           
00003065  ADC14_IRQHandler               
00003065  AES256_IRQHandler              
00003065  BusFault_Handler               
0000307d  C$$EXIT                        
00002d63  C$$IO$$                        
00003065  COMP_E0_IRQHandler             
00003065  COMP_E1_IRQHandler             
00003065  CS_IRQHandler                  
00003065  DMA_ERR_IRQHandler             
00003065  DMA_INT0_IRQHandler            
00003065  DMA_INT1_IRQHandler            
00003065  DMA_INT2_IRQHandler            
00003065  DMA_INT3_IRQHandler            
00003065  DebugMon_Handler               
00003065  Default_Handler                
00003065  EUSCIA0_IRQHandler             
00003065  EUSCIA1_IRQHandler             
00003065  EUSCIA2_IRQHandler             
00003065  EUSCIA3_IRQHandler             
00003065  EUSCIB0_IRQHandler             
00003065  EUSCIB1_IRQHandler             
00003065  EUSCIB2_IRQHandler             
00003065  EUSCIB3_IRQHandler             
00003065  FLCTL_IRQHandler               
00003065  FPU_IRQHandler                 
00002ba9  HOSTclose                      
0000254d  HOSTlseek                      
00002819  HOSTopen                       
000028d5  HOSTread                       
000025b5  HOSTrename                     
00002bed  HOSTunlink                     
0000292d  HOSTwrite                      
00003065  HardFault_Handler              
00003065  MemManage_Handler              
00003065  NMI_Handler                    
00003065  PCM_IRQHandler                 
00003065  PORT1_IRQHandler               
00003065  PORT2_IRQHandler               
00003065  PORT3_IRQHandler               
00003065  PORT4_IRQHandler               
00003065  PORT5_IRQHandler               
00003065  PORT6_IRQHandler               
00003065  PSS_IRQHandler                 
00003065  PendSV_Handler                 
00003065  RTC_C_IRQHandler               
00003059  Reset_Handler                  
00003065  SVC_Handler                    
00003065  SysTick_Handler                
200005fc  SystemCoreClock                
00000b45  SystemCoreClockUpdate          
00000dbd  SystemInit                     
00000ec9  T32_INT1_IRQHandler            
00000ec9  T32_INT1_IRQHandler            
00000f1b  T32_INT2_IRQHandler            
00000f1b  T32_INT2_IRQHandler            
00003065  T32_INTC_IRQHandler            
00003065  TA0_0_IRQHandler               
00003065  TA0_N_IRQHandler               
00003065  TA1_0_IRQHandler               
00003065  TA1_N_IRQHandler               
00003065  TA2_0_IRQHandler               
00003065  TA2_N_IRQHandler               
00003065  TA3_0_IRQHandler               
00003065  TA3_N_IRQHandler               
00003065  UsageFault_Handler             
4000480c  WDTCTL_SYM                     
00003065  WDT_A_IRQHandler               
20000600  __CIOBUF_                      
20010000  __STACK_END                    
00000200  __STACK_SIZE                   
00000400  __SYSMEM_SIZE                  
00003218  __TI_CINIT_Base                
00003228  __TI_CINIT_Limit               
00003200  __TI_Handler_Table_Base        
0000320c  __TI_Handler_Table_Limit       
00002c31  __TI_auto_init_nobinit_nopinit 
00002e15  __TI_cleanup                   
200005d8  __TI_cleanup_ptr               
00002469  __TI_closefile                 
0000261d  __TI_decompress_lzss           
0000304b  __TI_decompress_none           
00002a81  __TI_doflush                   
200005dc  __TI_dtors_ptr                 
200005e0  __TI_enable_exit_profile_output
200005c8  __TI_ft_end                    
ffffffff  __TI_pprof_out_hndl            
000000e5  __TI_printfi                   
ffffffff  __TI_prof_data_size            
ffffffff  __TI_prof_data_start           
00002e49  __TI_readmsg                   
00000000  __TI_static_base__             
20000720  __TI_tmpnams                   
00002d35  __TI_writemsg                  
000027b5  __TI_wrt_ok                    
00003027  __TI_zero_init_nomemset        
00002269  __aeabi_cdcmpeq                
00002269  __aeabi_cdcmple                
000022ef  __aeabi_cdrcmple               
00002b61  __aeabi_d2iz                   
000015e3  __aeabi_dadd                   
000018cd  __aeabi_ddiv                   
00001d49  __aeabi_dmul                   
000015d9  __aeabi_dsub                   
00003069  __aeabi_errno_addr             
00002ead  __aeabi_i2d                    
0000178f  __aeabi_idiv0                  
0000178f  __aeabi_ldiv0                  
00002375  __aeabi_memclr                 
00002375  __aeabi_memclr4                
00002375  __aeabi_memclr8                
000020ab  __aeabi_memcpy                 
000020ab  __aeabi_memcpy4                
000020ab  __aeabi_memcpy8                
00002377  __aeabi_memset                 
00002377  __aeabi_memset4                
00002377  __aeabi_memset8                
200005d4  __aeabi_stderr                 
200005cc  __aeabi_stdin                  
200005d0  __aeabi_stdout                 
00002147  __aeabi_uldivmod               
ffffffff  __binit__                      
ffffffff  __c_args__                     
UNDEFED   __mpu_init                     
2000fe00  __stack                        
00002d6d  _c_int00_noargs                
00003080  _ctypes_                       
200004f0  _device                        
20000400  _ftable                        
200005f0  _lock                          
00000b43  _nop                           
20000568  _stream                        
20000000  _sys_memory                    
UNDEFED   _system_post_cinit             
00003079  _system_pre_init               
200005f4  _unlock                        
0000307d  abort                          
00002acd  atoi                           
ffffffff  binit                          
00002879  close                          
00002feb  copysign                       
00002feb  copysignl                      
00000e79  delay                          
200005bc  elapsed                        
200005f8  errno                          
00002b19  exit                           
00002e7d  finddevice                     
000021dd  fputc                          
00001b25  fputs                          
00001f21  free                           
000026ed  frexp                          
000026ed  frexpl                         
00002751  fseek                          
00002c75  getdevice                      
00000000  interruptVectors               
200005c4  lbPressed                      
00001c39  ldexp                          
00001c39  ldexpl                         
200005c0  lightCount                     
00002f09  lseek                          
000029db  ltoa                           
00000f2f  main                           
000023f1  malloc                         
00002fa1  memccpy                        
00002f81  memchr                         
000020ab  memcpy                         
0000237d  memset                         
00000f15  millis                         
00002da5  minit                          
200007c0  parmbuf                        
00002685  printf                         
000021dd  putc                           
00002edd  remove                         
00000f01  reset_timer                    
00001c39  scalbn                         
00001c39  scalbnl                        
00001e45  setvbuf                        
00000edd  start_timer                    
00000f09  stop_timer                     
00002fd5  strchr                         
00002fbd  strcmp                         
00002fff  strcpy                         
00003013  strlen                         
00002ddd  strncpy                        
200005b8  ticks                          
00002edd  unlink                         
00003039  wcslen                         
00002f59  write                          


GLOBAL SYMBOLS: SORTED BY Symbol Address 

address   name                           
-------   ----                           
00000000  __TI_static_base__             
00000000  interruptVectors               
000000e5  __TI_printfi                   
00000200  __STACK_SIZE                   
00000400  __SYSMEM_SIZE                  
00000b43  _nop                           
00000b45  SystemCoreClockUpdate          
00000dbd  SystemInit                     
00000e79  delay                          
00000ec9  T32_INT1_IRQHandler            
00000ec9  T32_INT1_IRQHandler            
00000edd  start_timer                    
00000f01  reset_timer                    
00000f09  stop_timer                     
00000f15  millis                         
00000f1b  T32_INT2_IRQHandler            
00000f1b  T32_INT2_IRQHandler            
00000f2f  main                           
000015d9  __aeabi_dsub                   
000015e3  __aeabi_dadd                   
0000178f  __aeabi_idiv0                  
0000178f  __aeabi_ldiv0                  
000018cd  __aeabi_ddiv                   
00001b25  fputs                          
00001c39  ldexp                          
00001c39  ldexpl                         
00001c39  scalbn                         
00001c39  scalbnl                        
00001d49  __aeabi_dmul                   
00001e45  setvbuf                        
00001f21  free                           
000020ab  __aeabi_memcpy                 
000020ab  __aeabi_memcpy4                
000020ab  __aeabi_memcpy8                
000020ab  memcpy                         
00002147  __aeabi_uldivmod               
000021dd  fputc                          
000021dd  putc                           
00002269  __aeabi_cdcmpeq                
00002269  __aeabi_cdcmple                
000022ef  __aeabi_cdrcmple               
00002375  __aeabi_memclr                 
00002375  __aeabi_memclr4                
00002375  __aeabi_memclr8                
00002377  __aeabi_memset                 
00002377  __aeabi_memset4                
00002377  __aeabi_memset8                
0000237d  memset                         
000023f1  malloc                         
00002469  __TI_closefile                 
0000254d  HOSTlseek                      
000025b5  HOSTrename                     
0000261d  __TI_decompress_lzss           
00002685  printf                         
000026ed  frexp                          
000026ed  frexpl                         
00002751  fseek                          
000027b5  __TI_wrt_ok                    
00002819  HOSTopen                       
00002879  close                          
000028d5  HOSTread                       
0000292d  HOSTwrite                      
000029db  ltoa                           
00002a81  __TI_doflush                   
00002acd  atoi                           
00002b19  exit                           
00002b61  __aeabi_d2iz                   
00002ba9  HOSTclose                      
00002bed  HOSTunlink                     
00002c31  __TI_auto_init_nobinit_nopinit 
00002c75  getdevice                      
00002d35  __TI_writemsg                  
00002d63  C$$IO$$                        
00002d6d  _c_int00_noargs                
00002da5  minit                          
00002ddd  strncpy                        
00002e15  __TI_cleanup                   
00002e49  __TI_readmsg                   
00002e7d  finddevice                     
00002ead  __aeabi_i2d                    
00002edd  remove                         
00002edd  unlink                         
00002f09  lseek                          
00002f59  write                          
00002f81  memchr                         
00002fa1  memccpy                        
00002fbd  strcmp                         
00002fd5  strchr                         
00002feb  copysign                       
00002feb  copysignl                      
00002fff  strcpy                         
00003013  strlen                         
00003027  __TI_zero_init_nomemset        
00003039  wcslen                         
0000304b  __TI_decompress_none           
00003059  Reset_Handler                  
00003065  ADC14_IRQHandler               
00003065  AES256_IRQHandler              
00003065  BusFault_Handler               
00003065  COMP_E0_IRQHandler             
00003065  COMP_E1_IRQHandler             
00003065  CS_IRQHandler                  
00003065  DMA_ERR_IRQHandler             
00003065  DMA_INT0_IRQHandler            
00003065  DMA_INT1_IRQHandler            
00003065  DMA_INT2_IRQHandler            
00003065  DMA_INT3_IRQHandler            
00003065  DebugMon_Handler               
00003065  Default_Handler                
00003065  EUSCIA0_IRQHandler             
00003065  EUSCIA1_IRQHandler             
00003065  EUSCIA2_IRQHandler             
00003065  EUSCIA3_IRQHandler             
00003065  EUSCIB0_IRQHandler             
00003065  EUSCIB1_IRQHandler             
00003065  EUSCIB2_IRQHandler             
00003065  EUSCIB3_IRQHandler             
00003065  FLCTL_IRQHandler               
00003065  FPU_IRQHandler                 
00003065  HardFault_Handler              
00003065  MemManage_Handler              
00003065  NMI_Handler                    
00003065  PCM_IRQHandler                 
00003065  PORT1_IRQHandler               
00003065  PORT2_IRQHandler               
00003065  PORT3_IRQHandler               
00003065  PORT4_IRQHandler               
00003065  PORT5_IRQHandler               
00003065  PORT6_IRQHandler               
00003065  PSS_IRQHandler                 
00003065  PendSV_Handler                 
00003065  RTC_C_IRQHandler               
00003065  SVC_Handler                    
00003065  SysTick_Handler                
00003065  T32_INTC_IRQHandler            
00003065  TA0_0_IRQHandler               
00003065  TA0_N_IRQHandler               
00003065  TA1_0_IRQHandler               
00003065  TA1_N_IRQHandler               
00003065  TA2_0_IRQHandler               
00003065  TA2_N_IRQHandler               
00003065  TA3_0_IRQHandler               
00003065  TA3_N_IRQHandler               
00003065  UsageFault_Handler             
00003065  WDT_A_IRQHandler               
00003069  __aeabi_errno_addr             
00003079  _system_pre_init               
0000307d  C$$EXIT                        
0000307d  abort                          
00003080  _ctypes_                       
00003200  __TI_Handler_Table_Base        
0000320c  __TI_Handler_Table_Limit       
00003218  __TI_CINIT_Base                
00003228  __TI_CINIT_Limit               
20000000  _sys_memory                    
20000400  _ftable                        
200004f0  _device                        
20000568  _stream                        
200005b8  ticks                          
200005bc  elapsed                        
200005c0  lightCount                     
200005c4  lbPressed                      
200005c8  __TI_ft_end                    
200005cc  __aeabi_stdin                  
200005d0  __aeabi_stdout                 
200005d4  __aeabi_stderr                 
200005d8  __TI_cleanup_ptr               
200005dc  __TI_dtors_ptr                 
200005e0  __TI_enable_exit_profile_output
200005f0  _lock                          
200005f4  _unlock                        
200005f8  errno                          
200005fc  SystemCoreClock                
20000600  __CIOBUF_                      
20000720  __TI_tmpnams                   
200007c0  parmbuf                        
2000fe00  __stack                        
20010000  __STACK_END                    
4000480c  WDTCTL_SYM                     
ffffffff  __TI_pprof_out_hndl            
ffffffff  __TI_prof_data_size            
ffffffff  __TI_prof_data_start           
ffffffff  __binit__                      
ffffffff  __c_args__                     
ffffffff  binit                          
UNDEFED   __mpu_init                     
UNDEFED   _system_post_cinit             

[187 symbols]
