<?xml version="1.0" encoding="ISO-8859-1" ?>
<link_info>
   <banner>TI ARM Linker PC v18.1.2.LTS</banner>
   <copyright>Copyright (c) 1996-2017 Texas Instruments Incorporated</copyright>
   <link_time>0x5c414322</link_time>
   <link_errors>0x0</link_errors>
   <output_file>lab4.out</output_file>
   <entry_point>
      <name>_c_int00_noargs</name>
      <address>0x2d6d</address>
   </entry_point>
   <input_file_list>
      <input_file id="fl-2">
         <path>.\</path>
         <kind>object</kind>
         <file>main.obj</file>
         <name>main.obj</name>
      </input_file>
      <input_file id="fl-3">
         <path>.\</path>
         <kind>object</kind>
         <file>startup_msp432p401r_ccs.obj</file>
         <name>startup_msp432p401r_ccs.obj</name>
      </input_file>
      <input_file id="fl-4">
         <path>.\</path>
         <kind>object</kind>
         <file>system_msp432p401r.obj</file>
         <name>system_msp432p401r.obj</name>
      </input_file>
      <input_file id="fl-8">
         <kind>object</kind>
         <file>&lt;internal&gt;</file>
         <name>&lt;internal&gt;</name>
      </input_file>
      <input_file id="fl-be">
         <path>C:\ti\ccsv8\tools\compiler\ti-cgt-arm_18.1.2.LTS\lib\</path>
         <kind>archive</kind>
         <file>rtsv7M4_T_le_v4SPD16_eabi.lib</file>
         <name>copy_zero_init.c.obj</name>
      </input_file>
      <input_file id="fl-bf">
         <path>C:\ti\ccsv8\tools\compiler\ti-cgt-arm_18.1.2.LTS\lib\</path>
         <kind>archive</kind>
         <file>rtsv7M4_T_le_v4SPD16_eabi.lib</file>
         <name>copy_decompress_none.c.obj</name>
      </input_file>
      <input_file id="fl-c0">
         <path>C:\ti\ccsv8\tools\compiler\ti-cgt-arm_18.1.2.LTS\lib\</path>
         <kind>archive</kind>
         <file>rtsv7M4_T_le_v4SPD16_eabi.lib</file>
         <name>copy_decompress_lzss.c.obj</name>
      </input_file>
      <input_file id="fl-c1">
         <path>C:\ti\ccsv8\tools\compiler\ti-cgt-arm_18.1.2.LTS\lib\</path>
         <kind>archive</kind>
         <file>rtsv7M4_T_le_v4SPD16_eabi.lib</file>
         <name>boot_cortex_m.c.obj</name>
      </input_file>
      <input_file id="fl-c2">
         <path>C:\ti\ccsv8\tools\compiler\ti-cgt-arm_18.1.2.LTS\lib\</path>
         <kind>archive</kind>
         <file>rtsv7M4_T_le_v4SPD16_eabi.lib</file>
         <name>exit.c.obj</name>
      </input_file>
      <input_file id="fl-c3">
         <path>C:\ti\ccsv8\tools\compiler\ti-cgt-arm_18.1.2.LTS\lib\</path>
         <kind>archive</kind>
         <file>rtsv7M4_T_le_v4SPD16_eabi.lib</file>
         <name>_lock.c.obj</name>
      </input_file>
      <input_file id="fl-c4">
         <path>C:\ti\ccsv8\tools\compiler\ti-cgt-arm_18.1.2.LTS\lib\</path>
         <kind>archive</kind>
         <file>rtsv7M4_T_le_v4SPD16_eabi.lib</file>
         <name>args_main.c.obj</name>
      </input_file>
      <input_file id="fl-c5">
         <path>C:\ti\ccsv8\tools\compiler\ti-cgt-arm_18.1.2.LTS\lib\</path>
         <kind>archive</kind>
         <file>rtsv7M4_T_le_v4SPD16_eabi.lib</file>
         <name>printf.c.obj</name>
      </input_file>
      <input_file id="fl-c6">
         <path>C:\ti\ccsv8\tools\compiler\ti-cgt-arm_18.1.2.LTS\lib\</path>
         <kind>archive</kind>
         <file>rtsv7M4_T_le_v4SPD16_eabi.lib</file>
         <name>memset_t2.asm.obj</name>
      </input_file>
      <input_file id="fl-c7">
         <path>C:\ti\ccsv8\tools\compiler\ti-cgt-arm_18.1.2.LTS\lib\</path>
         <kind>archive</kind>
         <file>rtsv7M4_T_le_v4SPD16_eabi.lib</file>
         <name>memcpy_t2.asm.obj</name>
      </input_file>
      <input_file id="fl-c8">
         <path>C:\ti\ccsv8\tools\compiler\ti-cgt-arm_18.1.2.LTS\lib\</path>
         <kind>archive</kind>
         <file>rtsv7M4_T_le_v4SPD16_eabi.lib</file>
         <name>autoinit.c.obj</name>
      </input_file>
      <input_file id="fl-c9">
         <path>C:\ti\ccsv8\tools\compiler\ti-cgt-arm_18.1.2.LTS\lib\</path>
         <kind>archive</kind>
         <file>rtsv7M4_T_le_v4SPD16_eabi.lib</file>
         <name>pre_init.c.obj</name>
      </input_file>
      <input_file id="fl-ca">
         <path>C:\ti\ccsv8\tools\compiler\ti-cgt-arm_18.1.2.LTS\lib\</path>
         <kind>archive</kind>
         <file>rtsv7M4_T_le_v4SPD16_eabi.lib</file>
         <name>cpy_tbl.c.obj</name>
      </input_file>
      <input_file id="fl-cb">
         <path>C:\ti\ccsv8\tools\compiler\ti-cgt-arm_18.1.2.LTS\lib\</path>
         <kind>archive</kind>
         <file>rtsv7M4_T_le_v4SPD16_eabi.lib</file>
         <name>_printfi.c.obj</name>
      </input_file>
      <input_file id="fl-cc">
         <path>C:\ti\ccsv8\tools\compiler\ti-cgt-arm_18.1.2.LTS\lib\</path>
         <kind>archive</kind>
         <file>rtsv7M4_T_le_v4SPD16_eabi.lib</file>
         <name>atoi.c.obj</name>
      </input_file>
      <input_file id="fl-cd">
         <path>C:\ti\ccsv8\tools\compiler\ti-cgt-arm_18.1.2.LTS\lib\</path>
         <kind>archive</kind>
         <file>rtsv7M4_T_le_v4SPD16_eabi.lib</file>
         <name>ctype.c.obj</name>
      </input_file>
      <input_file id="fl-ce">
         <path>C:\ti\ccsv8\tools\compiler\ti-cgt-arm_18.1.2.LTS\lib\</path>
         <kind>archive</kind>
         <file>rtsv7M4_T_le_v4SPD16_eabi.lib</file>
         <name>defs.c.obj</name>
      </input_file>
      <input_file id="fl-cf">
         <path>C:\ti\ccsv8\tools\compiler\ti-cgt-arm_18.1.2.LTS\lib\</path>
         <kind>archive</kind>
         <file>rtsv7M4_T_le_v4SPD16_eabi.lib</file>
         <name>fputc.c.obj</name>
      </input_file>
      <input_file id="fl-d0">
         <path>C:\ti\ccsv8\tools\compiler\ti-cgt-arm_18.1.2.LTS\lib\</path>
         <kind>archive</kind>
         <file>rtsv7M4_T_le_v4SPD16_eabi.lib</file>
         <name>fputs.c.obj</name>
      </input_file>
      <input_file id="fl-d1">
         <path>C:\ti\ccsv8\tools\compiler\ti-cgt-arm_18.1.2.LTS\lib\</path>
         <kind>archive</kind>
         <file>rtsv7M4_T_le_v4SPD16_eabi.lib</file>
         <name>ltoa.c.obj</name>
      </input_file>
      <input_file id="fl-d2">
         <path>C:\ti\ccsv8\tools\compiler\ti-cgt-arm_18.1.2.LTS\lib\</path>
         <kind>archive</kind>
         <file>rtsv7M4_T_le_v4SPD16_eabi.lib</file>
         <name>memccpy.c.obj</name>
      </input_file>
      <input_file id="fl-d3">
         <path>C:\ti\ccsv8\tools\compiler\ti-cgt-arm_18.1.2.LTS\lib\</path>
         <kind>archive</kind>
         <file>rtsv7M4_T_le_v4SPD16_eabi.lib</file>
         <name>memchr.c.obj</name>
      </input_file>
      <input_file id="fl-d4">
         <path>C:\ti\ccsv8\tools\compiler\ti-cgt-arm_18.1.2.LTS\lib\</path>
         <kind>archive</kind>
         <file>rtsv7M4_T_le_v4SPD16_eabi.lib</file>
         <name>strchr.c.obj</name>
      </input_file>
      <input_file id="fl-d5">
         <path>C:\ti\ccsv8\tools\compiler\ti-cgt-arm_18.1.2.LTS\lib\</path>
         <kind>archive</kind>
         <file>rtsv7M4_T_le_v4SPD16_eabi.lib</file>
         <name>strlen.c.obj</name>
      </input_file>
      <input_file id="fl-d6">
         <path>C:\ti\ccsv8\tools\compiler\ti-cgt-arm_18.1.2.LTS\lib\</path>
         <kind>archive</kind>
         <file>rtsv7M4_T_le_v4SPD16_eabi.lib</file>
         <name>write.c.obj</name>
      </input_file>
      <input_file id="fl-d7">
         <path>C:\ti\ccsv8\tools\compiler\ti-cgt-arm_18.1.2.LTS\lib\</path>
         <kind>archive</kind>
         <file>rtsv7M4_T_le_v4SPD16_eabi.lib</file>
         <name>s_frexp.c.obj</name>
      </input_file>
      <input_file id="fl-d8">
         <path>C:\ti\ccsv8\tools\compiler\ti-cgt-arm_18.1.2.LTS\lib\</path>
         <kind>archive</kind>
         <file>rtsv7M4_T_le_v4SPD16_eabi.lib</file>
         <name>s_scalbn.c.obj</name>
      </input_file>
      <input_file id="fl-d9">
         <path>C:\ti\ccsv8\tools\compiler\ti-cgt-arm_18.1.2.LTS\lib\</path>
         <kind>archive</kind>
         <file>rtsv7M4_T_le_v4SPD16_eabi.lib</file>
         <name>s_copysign.c.obj</name>
      </input_file>
      <input_file id="fl-da">
         <path>C:\ti\ccsv8\tools\compiler\ti-cgt-arm_18.1.2.LTS\lib\</path>
         <kind>archive</kind>
         <file>rtsv7M4_T_le_v4SPD16_eabi.lib</file>
         <name>wcslen.c.obj</name>
      </input_file>
      <input_file id="fl-db">
         <path>C:\ti\ccsv8\tools\compiler\ti-cgt-arm_18.1.2.LTS\lib\</path>
         <kind>archive</kind>
         <file>rtsv7M4_T_le_v4SPD16_eabi.lib</file>
         <name>fd_add_t2.asm.obj</name>
      </input_file>
      <input_file id="fl-dc">
         <path>C:\ti\ccsv8\tools\compiler\ti-cgt-arm_18.1.2.LTS\lib\</path>
         <kind>archive</kind>
         <file>rtsv7M4_T_le_v4SPD16_eabi.lib</file>
         <name>fd_cmp_t2.asm.obj</name>
      </input_file>
      <input_file id="fl-dd">
         <path>C:\ti\ccsv8\tools\compiler\ti-cgt-arm_18.1.2.LTS\lib\</path>
         <kind>archive</kind>
         <file>rtsv7M4_T_le_v4SPD16_eabi.lib</file>
         <name>fd_div_t2.asm.obj</name>
      </input_file>
      <input_file id="fl-de">
         <path>C:\ti\ccsv8\tools\compiler\ti-cgt-arm_18.1.2.LTS\lib\</path>
         <kind>archive</kind>
         <file>rtsv7M4_T_le_v4SPD16_eabi.lib</file>
         <name>fd_mul_t2.asm.obj</name>
      </input_file>
      <input_file id="fl-df">
         <path>C:\ti\ccsv8\tools\compiler\ti-cgt-arm_18.1.2.LTS\lib\</path>
         <kind>archive</kind>
         <file>rtsv7M4_T_le_v4SPD16_eabi.lib</file>
         <name>fd_toi_t2.asm.obj</name>
      </input_file>
      <input_file id="fl-e0">
         <path>C:\ti\ccsv8\tools\compiler\ti-cgt-arm_18.1.2.LTS\lib\</path>
         <kind>archive</kind>
         <file>rtsv7M4_T_le_v4SPD16_eabi.lib</file>
         <name>i_tofd_t2.asm.obj</name>
      </input_file>
      <input_file id="fl-e1">
         <path>C:\ti\ccsv8\tools\compiler\ti-cgt-arm_18.1.2.LTS\lib\</path>
         <kind>archive</kind>
         <file>rtsv7M4_T_le_v4SPD16_eabi.lib</file>
         <name>ull_div_t2.asm.obj</name>
      </input_file>
      <input_file id="fl-e2">
         <path>C:\ti\ccsv8\tools\compiler\ti-cgt-arm_18.1.2.LTS\lib\</path>
         <kind>archive</kind>
         <file>rtsv7M4_T_le_v4SPD16_eabi.lib</file>
         <name>errno.c.obj</name>
      </input_file>
      <input_file id="fl-e3">
         <path>C:\ti\ccsv8\tools\compiler\ti-cgt-arm_18.1.2.LTS\lib\</path>
         <kind>archive</kind>
         <file>rtsv7M4_T_le_v4SPD16_eabi.lib</file>
         <name>_io_perm.c.obj</name>
      </input_file>
      <input_file id="fl-e4">
         <path>C:\ti\ccsv8\tools\compiler\ti-cgt-arm_18.1.2.LTS\lib\</path>
         <kind>archive</kind>
         <file>rtsv7M4_T_le_v4SPD16_eabi.lib</file>
         <name>fflush.c.obj</name>
      </input_file>
      <input_file id="fl-e5">
         <path>C:\ti\ccsv8\tools\compiler\ti-cgt-arm_18.1.2.LTS\lib\</path>
         <kind>archive</kind>
         <file>rtsv7M4_T_le_v4SPD16_eabi.lib</file>
         <name>fseek.c.obj</name>
      </input_file>
      <input_file id="fl-e6">
         <path>C:\ti\ccsv8\tools\compiler\ti-cgt-arm_18.1.2.LTS\lib\</path>
         <kind>archive</kind>
         <file>rtsv7M4_T_le_v4SPD16_eabi.lib</file>
         <name>lseek.c.obj</name>
      </input_file>
      <input_file id="fl-e7">
         <path>C:\ti\ccsv8\tools\compiler\ti-cgt-arm_18.1.2.LTS\lib\</path>
         <kind>archive</kind>
         <file>rtsv7M4_T_le_v4SPD16_eabi.lib</file>
         <name>setvbuf.c.obj</name>
      </input_file>
      <input_file id="fl-e8">
         <path>C:\ti\ccsv8\tools\compiler\ti-cgt-arm_18.1.2.LTS\lib\</path>
         <kind>archive</kind>
         <file>rtsv7M4_T_le_v4SPD16_eabi.lib</file>
         <name>hostclose.c.obj</name>
      </input_file>
      <input_file id="fl-e9">
         <path>C:\ti\ccsv8\tools\compiler\ti-cgt-arm_18.1.2.LTS\lib\</path>
         <kind>archive</kind>
         <file>rtsv7M4_T_le_v4SPD16_eabi.lib</file>
         <name>hostlseek.c.obj</name>
      </input_file>
      <input_file id="fl-ea">
         <path>C:\ti\ccsv8\tools\compiler\ti-cgt-arm_18.1.2.LTS\lib\</path>
         <kind>archive</kind>
         <file>rtsv7M4_T_le_v4SPD16_eabi.lib</file>
         <name>hostopen.c.obj</name>
      </input_file>
      <input_file id="fl-eb">
         <path>C:\ti\ccsv8\tools\compiler\ti-cgt-arm_18.1.2.LTS\lib\</path>
         <kind>archive</kind>
         <file>rtsv7M4_T_le_v4SPD16_eabi.lib</file>
         <name>hostread.c.obj</name>
      </input_file>
      <input_file id="fl-ec">
         <path>C:\ti\ccsv8\tools\compiler\ti-cgt-arm_18.1.2.LTS\lib\</path>
         <kind>archive</kind>
         <file>rtsv7M4_T_le_v4SPD16_eabi.lib</file>
         <name>hostrename.c.obj</name>
      </input_file>
      <input_file id="fl-ed">
         <path>C:\ti\ccsv8\tools\compiler\ti-cgt-arm_18.1.2.LTS\lib\</path>
         <kind>archive</kind>
         <file>rtsv7M4_T_le_v4SPD16_eabi.lib</file>
         <name>hostunlink.c.obj</name>
      </input_file>
      <input_file id="fl-ee">
         <path>C:\ti\ccsv8\tools\compiler\ti-cgt-arm_18.1.2.LTS\lib\</path>
         <kind>archive</kind>
         <file>rtsv7M4_T_le_v4SPD16_eabi.lib</file>
         <name>hostwrite.c.obj</name>
      </input_file>
      <input_file id="fl-ef">
         <path>C:\ti\ccsv8\tools\compiler\ti-cgt-arm_18.1.2.LTS\lib\</path>
         <kind>archive</kind>
         <file>rtsv7M4_T_le_v4SPD16_eabi.lib</file>
         <name>trgmsg.c.obj</name>
      </input_file>
      <input_file id="fl-f0">
         <path>C:\ti\ccsv8\tools\compiler\ti-cgt-arm_18.1.2.LTS\lib\</path>
         <kind>archive</kind>
         <file>rtsv7M4_T_le_v4SPD16_eabi.lib</file>
         <name>div0.asm.obj</name>
      </input_file>
      <input_file id="fl-f1">
         <path>C:\ti\ccsv8\tools\compiler\ti-cgt-arm_18.1.2.LTS\lib\</path>
         <kind>archive</kind>
         <file>rtsv7M4_T_le_v4SPD16_eabi.lib</file>
         <name>memory.c.obj</name>
      </input_file>
      <input_file id="fl-f2">
         <path>C:\ti\ccsv8\tools\compiler\ti-cgt-arm_18.1.2.LTS\lib\</path>
         <kind>archive</kind>
         <file>rtsv7M4_T_le_v4SPD16_eabi.lib</file>
         <name>fopen.c.obj</name>
      </input_file>
      <input_file id="fl-f3">
         <path>C:\ti\ccsv8\tools\compiler\ti-cgt-arm_18.1.2.LTS\lib\</path>
         <kind>archive</kind>
         <file>rtsv7M4_T_le_v4SPD16_eabi.lib</file>
         <name>open.c.obj</name>
      </input_file>
      <input_file id="fl-f4">
         <path>C:\ti\ccsv8\tools\compiler\ti-cgt-arm_18.1.2.LTS\lib\</path>
         <kind>archive</kind>
         <file>rtsv7M4_T_le_v4SPD16_eabi.lib</file>
         <name>strcpy.c.obj</name>
      </input_file>
      <input_file id="fl-f5">
         <path>C:\ti\ccsv8\tools\compiler\ti-cgt-arm_18.1.2.LTS\lib\</path>
         <kind>archive</kind>
         <file>rtsv7M4_T_le_v4SPD16_eabi.lib</file>
         <name>fclose.c.obj</name>
      </input_file>
      <input_file id="fl-f6">
         <path>C:\ti\ccsv8\tools\compiler\ti-cgt-arm_18.1.2.LTS\lib\</path>
         <kind>archive</kind>
         <file>rtsv7M4_T_le_v4SPD16_eabi.lib</file>
         <name>getdevice.c.obj</name>
      </input_file>
      <input_file id="fl-f7">
         <path>C:\ti\ccsv8\tools\compiler\ti-cgt-arm_18.1.2.LTS\lib\</path>
         <kind>archive</kind>
         <file>rtsv7M4_T_le_v4SPD16_eabi.lib</file>
         <name>remove.c.obj</name>
      </input_file>
      <input_file id="fl-f8">
         <path>C:\ti\ccsv8\tools\compiler\ti-cgt-arm_18.1.2.LTS\lib\</path>
         <kind>archive</kind>
         <file>rtsv7M4_T_le_v4SPD16_eabi.lib</file>
         <name>strcmp.c.obj</name>
      </input_file>
      <input_file id="fl-f9">
         <path>C:\ti\ccsv8\tools\compiler\ti-cgt-arm_18.1.2.LTS\lib\</path>
         <kind>archive</kind>
         <file>rtsv7M4_T_le_v4SPD16_eabi.lib</file>
         <name>strncpy.c.obj</name>
      </input_file>
      <input_file id="fl-fa">
         <path>C:\ti\ccsv8\tools\compiler\ti-cgt-arm_18.1.2.LTS\lib\</path>
         <kind>archive</kind>
         <file>rtsv7M4_T_le_v4SPD16_eabi.lib</file>
         <name>unlink.c.obj</name>
      </input_file>
      <input_file id="fl-fb">
         <path>C:\ti\ccsv8\tools\compiler\ti-cgt-arm_18.1.2.LTS\lib\</path>
         <kind>archive</kind>
         <file>rtsv7M4_T_le_v4SPD16_eabi.lib</file>
         <name>close.c.obj</name>
      </input_file>
   </input_file_list>
   <object_component_list>
      <object_component id="oc-23">
         <name>.intvecs:retain</name>
         <load_address>0x0</load_address>
         <run_address>0x0</run_address>
         <size>0xe4</size>
         <input_file_ref idref="fl-3"/>
      </object_component>
      <object_component id="oc-124">
         <name>.text:__TI_printfi</name>
         <load_address>0xe4</load_address>
         <run_address>0xe4</run_address>
         <size>0xa5e</size>
         <input_file_ref idref="fl-cb"/>
      </object_component>
      <object_component id="oc-1b8">
         <name>.text:_nop</name>
         <load_address>0xb42</load_address>
         <run_address>0xb42</run_address>
         <size>0x2</size>
         <input_file_ref idref="fl-c3"/>
      </object_component>
      <object_component id="oc-a9">
         <name>.text</name>
         <load_address>0xb44</load_address>
         <run_address>0xb44</run_address>
         <size>0x334</size>
         <input_file_ref idref="fl-4"/>
      </object_component>
      <object_component id="oc-6d">
         <name>.text</name>
         <load_address>0xe78</load_address>
         <run_address>0xe78</run_address>
         <size>0x320</size>
         <input_file_ref idref="fl-2"/>
      </object_component>
      <object_component id="oc-194">
         <name>.text:_pconv_a</name>
         <load_address>0x1198</load_address>
         <run_address>0x1198</run_address>
         <size>0x270</size>
         <input_file_ref idref="fl-cb"/>
      </object_component>
      <object_component id="oc-182">
         <name>.text:_pconv_g</name>
         <load_address>0x1408</load_address>
         <run_address>0x1408</run_address>
         <size>0x1d0</size>
         <input_file_ref idref="fl-cb"/>
      </object_component>
      <object_component id="oc-22b">
         <name>.text</name>
         <load_address>0x15d8</load_address>
         <run_address>0x15d8</run_address>
         <size>0x1b6</size>
         <input_file_ref idref="fl-db"/>
      </object_component>
      <object_component id="oc-2b1">
         <name>.text</name>
         <load_address>0x178e</load_address>
         <run_address>0x178e</run_address>
         <size>0x2</size>
         <input_file_ref idref="fl-f0"/>
      </object_component>
      <object_component id="oc-18e">
         <name>.text:_pconv_e</name>
         <load_address>0x1790</load_address>
         <run_address>0x1790</run_address>
         <size>0x13c</size>
         <input_file_ref idref="fl-cb"/>
      </object_component>
      <object_component id="oc-211">
         <name>.text</name>
         <load_address>0x18cc</load_address>
         <run_address>0x18cc</run_address>
         <size>0x136</size>
         <input_file_ref idref="fl-dd"/>
      </object_component>
      <object_component id="oc-23d">
         <name>.text:fcvt</name>
         <load_address>0x1a04</load_address>
         <run_address>0x1a04</run_address>
         <size>0x120</size>
         <input_file_ref idref="fl-cb"/>
      </object_component>
      <object_component id="oc-1c6">
         <name>.text:fputs</name>
         <load_address>0x1b24</load_address>
         <run_address>0x1b24</run_address>
         <size>0x114</size>
         <input_file_ref idref="fl-d0"/>
      </object_component>
      <object_component id="oc-251">
         <name>.text:scalbn</name>
         <load_address>0x1c38</load_address>
         <run_address>0x1c38</run_address>
         <size>0x110</size>
         <input_file_ref idref="fl-d8"/>
      </object_component>
      <object_component id="oc-20c">
         <name>.text</name>
         <load_address>0x1d48</load_address>
         <run_address>0x1d48</run_address>
         <size>0xfc</size>
         <input_file_ref idref="fl-de"/>
      </object_component>
      <object_component id="oc-2ec">
         <name>.text:setvbuf</name>
         <load_address>0x1e44</load_address>
         <run_address>0x1e44</run_address>
         <size>0xdc</size>
         <input_file_ref idref="fl-e7"/>
      </object_component>
      <object_component id="oc-31a">
         <name>.text:free</name>
         <load_address>0x1f20</load_address>
         <run_address>0x1f20</run_address>
         <size>0xd8</size>
         <input_file_ref idref="fl-f1"/>
      </object_component>
      <object_component id="oc-177">
         <name>.text:_ltostr</name>
         <load_address>0x1ff8</load_address>
         <run_address>0x1ff8</run_address>
         <size>0xb1</size>
         <input_file_ref idref="fl-cb"/>
      </object_component>
      <object_component id="oc-37">
         <name>.text</name>
         <load_address>0x20aa</load_address>
         <run_address>0x20aa</run_address>
         <size>0x9c</size>
         <input_file_ref idref="fl-c7"/>
      </object_component>
      <object_component id="oc-205">
         <name>.text</name>
         <load_address>0x2146</load_address>
         <run_address>0x2146</run_address>
         <size>0x96</size>
         <input_file_ref idref="fl-e1"/>
      </object_component>
      <object_component id="oc-1cd">
         <name>.text:fputc</name>
         <load_address>0x21dc</load_address>
         <run_address>0x21dc</run_address>
         <size>0x8c</size>
         <input_file_ref idref="fl-cf"/>
      </object_component>
      <object_component id="oc-17d">
         <name>.text:__aeabi_cdcmple</name>
         <load_address>0x2268</load_address>
         <run_address>0x2268</run_address>
         <size>0x86</size>
         <input_file_ref idref="fl-dc"/>
      </object_component>
      <object_component id="oc-216">
         <name>.text:__aeabi_cdrcmple</name>
         <load_address>0x22ee</load_address>
         <run_address>0x22ee</run_address>
         <size>0x86</size>
         <input_file_ref idref="fl-dc"/>
      </object_component>
      <object_component id="oc-91">
         <name>.text</name>
         <load_address>0x2374</load_address>
         <run_address>0x2374</run_address>
         <size>0x7a</size>
         <input_file_ref idref="fl-c6"/>
      </object_component>
      <object_component id="oc-320">
         <name>.text:malloc</name>
         <load_address>0x23f0</load_address>
         <run_address>0x23f0</run_address>
         <size>0x78</size>
         <input_file_ref idref="fl-f1"/>
      </object_component>
      <object_component id="oc-365">
         <name>.text:__TI_closefile</name>
         <load_address>0x2468</load_address>
         <run_address>0x2468</run_address>
         <size>0x74</size>
         <input_file_ref idref="fl-f5"/>
      </object_component>
      <object_component id="oc-236">
         <name>.text:_mcpy</name>
         <load_address>0x24dc</load_address>
         <run_address>0x24dc</run_address>
         <size>0x6e</size>
         <input_file_ref idref="fl-cb"/>
      </object_component>
      <object_component id="oc-389">
         <name>.text:HOSTlseek</name>
         <load_address>0x254c</load_address>
         <run_address>0x254c</run_address>
         <size>0x68</size>
         <input_file_ref idref="fl-e9"/>
      </object_component>
      <object_component id="oc-395">
         <name>.text:HOSTrename</name>
         <load_address>0x25b4</load_address>
         <run_address>0x25b4</run_address>
         <size>0x68</size>
         <input_file_ref idref="fl-ec"/>
      </object_component>
      <object_component id="oc-14">
         <name>.text:decompress:lzss:__TI_decompress_lzss</name>
         <load_address>0x261c</load_address>
         <run_address>0x261c</run_address>
         <size>0x68</size>
         <input_file_ref idref="fl-c0"/>
      </object_component>
      <object_component id="oc-b0">
         <name>.text:printf</name>
         <load_address>0x2684</load_address>
         <run_address>0x2684</run_address>
         <size>0x68</size>
         <input_file_ref idref="fl-c5"/>
      </object_component>
      <object_component id="oc-24b">
         <name>.text:frexp</name>
         <load_address>0x26ec</load_address>
         <run_address>0x26ec</run_address>
         <size>0x64</size>
         <input_file_ref idref="fl-d7"/>
      </object_component>
      <object_component id="oc-2e6">
         <name>.text:fseek</name>
         <load_address>0x2750</load_address>
         <run_address>0x2750</run_address>
         <size>0x64</size>
         <input_file_ref idref="fl-e5"/>
      </object_component>
      <object_component id="oc-282">
         <name>.text:__TI_wrt_ok</name>
         <load_address>0x27b4</load_address>
         <run_address>0x27b4</run_address>
         <size>0x62</size>
         <input_file_ref idref="fl-e3"/>
      </object_component>
      <object_component id="oc-371">
         <name>.text:HOSTopen</name>
         <load_address>0x2818</load_address>
         <run_address>0x2818</run_address>
         <size>0x60</size>
         <input_file_ref idref="fl-ea"/>
      </object_component>
      <object_component id="oc-3a4">
         <name>.text:close</name>
         <load_address>0x2878</load_address>
         <run_address>0x2878</run_address>
         <size>0x5c</size>
         <input_file_ref idref="fl-fb"/>
      </object_component>
      <object_component id="oc-37d">
         <name>.text:HOSTread</name>
         <load_address>0x28d4</load_address>
         <run_address>0x28d4</run_address>
         <size>0x58</size>
         <input_file_ref idref="fl-eb"/>
      </object_component>
      <object_component id="oc-383">
         <name>.text:HOSTwrite</name>
         <load_address>0x292c</load_address>
         <run_address>0x292c</run_address>
         <size>0x58</size>
         <input_file_ref idref="fl-ee"/>
      </object_component>
      <object_component id="oc-188">
         <name>.text:_pconv_f</name>
         <load_address>0x2984</load_address>
         <run_address>0x2984</run_address>
         <size>0x56</size>
         <input_file_ref idref="fl-cb"/>
      </object_component>
      <object_component id="oc-220">
         <name>.text:ltoa</name>
         <load_address>0x29da</load_address>
         <run_address>0x29da</run_address>
         <size>0x54</size>
         <input_file_ref idref="fl-d1"/>
      </object_component>
      <object_component id="oc-230">
         <name>.text:_ecpy</name>
         <load_address>0x2a2e</load_address>
         <run_address>0x2a2e</run_address>
         <size>0x52</size>
         <input_file_ref idref="fl-cb"/>
      </object_component>
      <object_component id="oc-28e">
         <name>.text:__TI_doflush</name>
         <load_address>0x2a80</load_address>
         <run_address>0x2a80</run_address>
         <size>0x4c</size>
         <input_file_ref idref="fl-e4"/>
      </object_component>
      <object_component id="oc-171">
         <name>.text:atoi</name>
         <load_address>0x2acc</load_address>
         <run_address>0x2acc</run_address>
         <size>0x4c</size>
         <input_file_ref idref="fl-cc"/>
      </object_component>
      <object_component id="oc-e8">
         <name>.text:exit</name>
         <load_address>0x2b18</load_address>
         <run_address>0x2b18</run_address>
         <size>0x48</size>
         <input_file_ref idref="fl-c2"/>
      </object_component>
      <object_component id="oc-21b">
         <name>.text</name>
         <load_address>0x2b60</load_address>
         <run_address>0x2b60</run_address>
         <size>0x48</size>
         <input_file_ref idref="fl-df"/>
      </object_component>
      <object_component id="oc-377">
         <name>.text:HOSTclose</name>
         <load_address>0x2ba8</load_address>
         <run_address>0x2ba8</run_address>
         <size>0x44</size>
         <input_file_ref idref="fl-e8"/>
      </object_component>
      <object_component id="oc-38f">
         <name>.text:HOSTunlink</name>
         <load_address>0x2bec</load_address>
         <run_address>0x2bec</run_address>
         <size>0x44</size>
         <input_file_ref idref="fl-ed"/>
      </object_component>
      <object_component id="oc-ee">
         <name>.text:__TI_auto_init_nobinit_nopinit:__TI_auto_init_nobinit_nopinit</name>
         <load_address>0x2c30</load_address>
         <run_address>0x2c30</run_address>
         <size>0x44</size>
         <input_file_ref idref="fl-c8"/>
      </object_component>
      <object_component id="oc-3d9">
         <name>.text:getdevice</name>
         <load_address>0x2c74</load_address>
         <run_address>0x2c74</run_address>
         <size>0x44</size>
         <input_file_ref idref="fl-f6"/>
      </object_component>
      <object_component id="oc-243">
         <name>.text:_fcpy</name>
         <load_address>0x2cb8</load_address>
         <run_address>0x2cb8</run_address>
         <size>0x3e</size>
         <input_file_ref idref="fl-cb"/>
      </object_component>
      <object_component id="oc-35a">
         <name>.text:minsert</name>
         <load_address>0x2cf8</load_address>
         <run_address>0x2cf8</run_address>
         <size>0x3c</size>
         <input_file_ref idref="fl-f1"/>
      </object_component>
      <object_component id="oc-3b5">
         <name>.text:__TI_writemsg</name>
         <load_address>0x2d34</load_address>
         <run_address>0x2d34</run_address>
         <size>0x38</size>
         <input_file_ref idref="fl-ef"/>
      </object_component>
      <object_component id="oc-55">
         <name>.text:_c_int00_noargs:_c_int00_noargs</name>
         <load_address>0x2d6c</load_address>
         <run_address>0x2d6c</run_address>
         <size>0x38</size>
         <input_file_ref idref="fl-c1"/>
      </object_component>
      <object_component id="oc-34e">
         <name>.text:minit</name>
         <load_address>0x2da4</load_address>
         <run_address>0x2da4</run_address>
         <size>0x38</size>
         <input_file_ref idref="fl-f1"/>
      </object_component>
      <object_component id="oc-3fb">
         <name>.text:strncpy</name>
         <load_address>0x2ddc</load_address>
         <run_address>0x2ddc</run_address>
         <size>0x36</size>
         <input_file_ref idref="fl-f9"/>
      </object_component>
      <object_component id="oc-326">
         <name>.text:__TI_cleanup</name>
         <load_address>0x2e14</load_address>
         <run_address>0x2e14</run_address>
         <size>0x34</size>
         <input_file_ref idref="fl-f2"/>
      </object_component>
      <object_component id="oc-3bb">
         <name>.text:__TI_readmsg</name>
         <load_address>0x2e48</load_address>
         <run_address>0x2e48</run_address>
         <size>0x34</size>
         <input_file_ref idref="fl-ef"/>
      </object_component>
      <object_component id="oc-401">
         <name>.text:finddevice</name>
         <load_address>0x2e7c</load_address>
         <run_address>0x2e7c</run_address>
         <size>0x30</size>
         <input_file_ref idref="fl-f6"/>
      </object_component>
      <object_component id="oc-226">
         <name>.text</name>
         <load_address>0x2eac</load_address>
         <run_address>0x2eac</run_address>
         <size>0x2e</size>
         <input_file_ref idref="fl-e0"/>
      </object_component>
      <object_component id="oc-3aa">
         <name>.text:unlink</name>
         <load_address>0x2edc</load_address>
         <run_address>0x2edc</run_address>
         <size>0x2c</size>
         <input_file_ref idref="fl-fa"/>
      </object_component>
      <object_component id="oc-312">
         <name>.text:lseek</name>
         <load_address>0x2f08</load_address>
         <run_address>0x2f08</run_address>
         <size>0x28</size>
         <input_file_ref idref="fl-e6"/>
      </object_component>
      <object_component id="oc-354">
         <name>.text:mremove</name>
         <load_address>0x2f30</load_address>
         <run_address>0x2f30</run_address>
         <size>0x28</size>
         <input_file_ref idref="fl-f1"/>
      </object_component>
      <object_component id="oc-294">
         <name>.text:write</name>
         <load_address>0x2f58</load_address>
         <run_address>0x2f58</run_address>
         <size>0x28</size>
         <input_file_ref idref="fl-d6"/>
      </object_component>
      <object_component id="oc-288">
         <name>.text:memchr</name>
         <load_address>0x2f80</load_address>
         <run_address>0x2f80</run_address>
         <size>0x20</size>
         <input_file_ref idref="fl-d3"/>
      </object_component>
      <object_component id="oc-19a">
         <name>.text:memccpy</name>
         <load_address>0x2fa0</load_address>
         <run_address>0x2fa0</run_address>
         <size>0x1c</size>
         <input_file_ref idref="fl-d2"/>
      </object_component>
      <object_component id="oc-418">
         <name>.text:strcmp</name>
         <load_address>0x2fbc</load_address>
         <run_address>0x2fbc</run_address>
         <size>0x18</size>
         <input_file_ref idref="fl-f8"/>
      </object_component>
      <object_component id="oc-257">
         <name>.text:strchr</name>
         <load_address>0x2fd4</load_address>
         <run_address>0x2fd4</run_address>
         <size>0x16</size>
         <input_file_ref idref="fl-d4"/>
      </object_component>
      <object_component id="oc-2ca">
         <name>.text:copysign</name>
         <load_address>0x2fea</load_address>
         <run_address>0x2fea</run_address>
         <size>0x14</size>
         <input_file_ref idref="fl-d9"/>
      </object_component>
      <object_component id="oc-3cf">
         <name>.text:strcpy</name>
         <load_address>0x2ffe</load_address>
         <run_address>0x2ffe</run_address>
         <size>0x14</size>
         <input_file_ref idref="fl-f4"/>
      </object_component>
      <object_component id="oc-16b">
         <name>.text:strlen</name>
         <load_address>0x3012</load_address>
         <run_address>0x3012</run_address>
         <size>0x14</size>
         <input_file_ref idref="fl-d5"/>
      </object_component>
      <object_component id="oc-43">
         <name>.text:decompress:ZI:__TI_zero_init_nomemset:__TI_zero_init_nomemset</name>
         <load_address>0x3026</load_address>
         <run_address>0x3026</run_address>
         <size>0x12</size>
         <input_file_ref idref="fl-be"/>
      </object_component>
      <object_component id="oc-1a0">
         <name>.text:wcslen</name>
         <load_address>0x3038</load_address>
         <run_address>0x3038</run_address>
         <size>0x12</size>
         <input_file_ref idref="fl-da"/>
      </object_component>
      <object_component id="oc-1a">
         <name>.text:decompress:none:__TI_decompress_none</name>
         <load_address>0x304a</load_address>
         <run_address>0x304a</run_address>
         <size>0xe</size>
         <input_file_ref idref="fl-bf"/>
      </object_component>
      <object_component id="oc-67">
         <name>.text</name>
         <load_address>0x3058</load_address>
         <run_address>0x3058</run_address>
         <size>0xe</size>
         <input_file_ref idref="fl-3"/>
      </object_component>
      <object_component id="oc-1a6">
         <name>.text:__aeabi_errno_addr</name>
         <load_address>0x3068</load_address>
         <run_address>0x3068</run_address>
         <size>0x8</size>
         <input_file_ref idref="fl-e2"/>
      </object_component>
      <object_component id="oc-136">
         <name>.text:_outc</name>
         <load_address>0x3070</load_address>
         <run_address>0x3070</run_address>
         <size>0x4</size>
         <input_file_ref idref="fl-c5"/>
      </object_component>
      <object_component id="oc-130">
         <name>.text:_outs</name>
         <load_address>0x3074</load_address>
         <run_address>0x3074</run_address>
         <size>0x4</size>
         <input_file_ref idref="fl-c5"/>
      </object_component>
      <object_component id="oc-97">
         <name>.text:_system_pre_init</name>
         <load_address>0x3078</load_address>
         <run_address>0x3078</run_address>
         <size>0x4</size>
         <input_file_ref idref="fl-c9"/>
      </object_component>
      <object_component id="oc-e2">
         <name>.text:abort:abort</name>
         <load_address>0x307c</load_address>
         <run_address>0x307c</run_address>
         <size>0x4</size>
         <input_file_ref idref="fl-c2"/>
      </object_component>
      <object_component id="oc-200">
         <name>.const:.string:_ctypes_</name>
         <load_address>0x3080</load_address>
         <run_address>0x3080</run_address>
         <size>0x101</size>
         <input_file_ref idref="fl-cd"/>
      </object_component>
      <object_component id="oc-456">
         <name>.cinit..data.load</name>
         <load_address>0x3188</load_address>
         <run_address>0x3188</run_address>
         <size>0x77</size>
      </object_component>
      <object_component id="oc-454">
         <name>__TI_handler_table</name>
         <load_address>0x3200</load_address>
         <run_address>0x3200</run_address>
         <size>0xc</size>
      </object_component>
      <object_component id="oc-457">
         <name>.cinit..bss.load</name>
         <load_address>0x3210</load_address>
         <run_address>0x3210</run_address>
         <size>0x8</size>
      </object_component>
      <object_component id="oc-455">
         <name>__TI_cinit_table</name>
         <load_address>0x3218</load_address>
         <run_address>0x3218</run_address>
         <size>0x10</size>
      </object_component>
      <object_component id="oc-429">
         <name>.binit</name>
         <load_address>0x0</load_address>
         <run_address>0x0</run_address>
         <size>0x0</size>
      </object_component>
      <object_component id="oc-b6">
         <name>.data</name>
         <load_address>0x200005b8</load_address>
         <run_address>0x200005b8</run_address>
         <size>0x10</size>
         <input_file_ref idref="fl-2"/>
      </object_component>
      <object_component id="oc-120">
         <name>.data</name>
         <load_address>0x200005fc</load_address>
         <run_address>0x200005fc</run_address>
         <size>0x4</size>
         <input_file_ref idref="fl-4"/>
      </object_component>
      <object_component id="oc-14d">
         <name>.data:$O1$$</name>
         <load_address>0x200005d8</load_address>
         <run_address>0x200005d8</run_address>
         <size>0xc</size>
         <input_file_ref idref="fl-c2"/>
      </object_component>
      <object_component id="oc-12a">
         <name>.data:$O1$$</name>
         <load_address>0x200005f0</load_address>
         <run_address>0x200005f0</run_address>
         <size>0x8</size>
         <input_file_ref idref="fl-c3"/>
      </object_component>
      <object_component id="oc-12d">
         <name>.data:_ftable</name>
         <load_address>0x20000400</load_address>
         <run_address>0x20000400</run_address>
         <size>0xf0</size>
         <input_file_ref idref="fl-ce"/>
      </object_component>
      <object_component id="oc-36b">
         <name>.data</name>
         <load_address>0x200005c8</load_address>
         <run_address>0x200005c8</run_address>
         <size>0x10</size>
         <input_file_ref idref="fl-ce"/>
      </object_component>
      <object_component id="oc-339">
         <name>.data:_device</name>
         <load_address>0x200004f0</load_address>
         <run_address>0x200004f0</run_address>
         <size>0x78</size>
         <input_file_ref idref="fl-d6"/>
      </object_component>
      <object_component id="oc-2f8">
         <name>.data:_stream</name>
         <load_address>0x20000568</load_address>
         <run_address>0x20000568</run_address>
         <size>0x50</size>
         <input_file_ref idref="fl-d6"/>
      </object_component>
      <object_component id="oc-267">
         <name>.data</name>
         <load_address>0x200005f8</load_address>
         <run_address>0x200005f8</run_address>
         <size>0x4</size>
         <input_file_ref idref="fl-e2"/>
      </object_component>
      <object_component id="oc-360">
         <name>.data:$O1$$</name>
         <load_address>0x200005e4</load_address>
         <run_address>0x200005e4</run_address>
         <size>0xc</size>
         <input_file_ref idref="fl-f1"/>
      </object_component>
      <object_component id="oc-3e3">
         <name>.bss:_CIOBUF_</name>
         <uninitialized>true</uninitialized>
         <run_address>0x20000600</run_address>
         <size>0x120</size>
         <input_file_ref idref="fl-ef"/>
      </object_component>
      <object_component id="oc-3b0">
         <name>.common:__TI_tmpnams</name>
         <uninitialized>true</uninitialized>
         <run_address>0x20000720</run_address>
         <size>0xa0</size>
      </object_component>
      <object_component id="oc-3c1">
         <name>.common:parmbuf</name>
         <uninitialized>true</uninitialized>
         <run_address>0x200007c0</run_address>
         <size>0x8</size>
      </object_component>
      <object_component id="oc-29">
         <name>.sysmem</name>
         <uninitialized>true</uninitialized>
         <run_address>0x20000000</run_address>
         <size>0x8</size>
         <input_file_ref idref="fl-f1"/>
      </object_component>
      <object_component id="oc-459">
         <name>.sysmem</name>
         <uninitialized>true</uninitialized>
         <run_address>0x20000000</run_address>
         <size>0x0</size>
      </object_component>
      <object_component id="oc-26">
         <name>.stack</name>
         <uninitialized>true</uninitialized>
         <run_address>0x2000fe00</run_address>
         <size>0x4</size>
         <input_file_ref idref="fl-c1"/>
      </object_component>
      <object_component id="oc-458">
         <name>.stack</name>
         <uninitialized>true</uninitialized>
         <run_address>0x2000fe00</run_address>
         <size>0x0</size>
      </object_component>
      <object_component id="oc-145">
         <name>.debug_info</name>
         <load_address>0x0</load_address>
         <run_address>0x0</run_address>
         <size>0x57e</size>
         <input_file_ref idref="fl-2"/>
      </object_component>
      <object_component id="oc-b7">
         <name>.debug_info</name>
         <load_address>0x57e</load_address>
         <run_address>0x57e</run_address>
         <size>0x127</size>
         <input_file_ref idref="fl-2"/>
      </object_component>
      <object_component id="oc-6f">
         <name>.debug_info</name>
         <load_address>0x6a5</load_address>
         <run_address>0x6a5</run_address>
         <size>0x440</size>
         <input_file_ref idref="fl-2"/>
      </object_component>
      <object_component id="oc-1dd">
         <name>.debug_info</name>
         <load_address>0xae5</load_address>
         <run_address>0xae5</run_address>
         <size>0x37e2</size>
         <input_file_ref idref="fl-2"/>
      </object_component>
      <object_component id="oc-1e2">
         <name>.debug_info</name>
         <load_address>0x42c7</load_address>
         <run_address>0x42c7</run_address>
         <size>0x1055</size>
         <input_file_ref idref="fl-2"/>
      </object_component>
      <object_component id="oc-c1">
         <name>.debug_info</name>
         <load_address>0x531c</load_address>
         <run_address>0x531c</run_address>
         <size>0x26b</size>
         <input_file_ref idref="fl-2"/>
      </object_component>
      <object_component id="oc-32">
         <name>.debug_info</name>
         <load_address>0x5587</load_address>
         <run_address>0x5587</run_address>
         <size>0x84</size>
         <input_file_ref idref="fl-2"/>
      </object_component>
      <object_component id="oc-147">
         <name>.debug_info</name>
         <load_address>0x560b</load_address>
         <run_address>0x560b</run_address>
         <size>0x297</size>
         <input_file_ref idref="fl-2"/>
      </object_component>
      <object_component id="oc-ba">
         <name>.debug_info</name>
         <load_address>0x58a2</load_address>
         <run_address>0x58a2</run_address>
         <size>0xbb</size>
         <input_file_ref idref="fl-2"/>
      </object_component>
      <object_component id="oc-13e">
         <name>.debug_info</name>
         <load_address>0x595d</load_address>
         <run_address>0x595d</run_address>
         <size>0x2c</size>
         <input_file_ref idref="fl-2"/>
      </object_component>
      <object_component id="oc-75">
         <name>.debug_info</name>
         <load_address>0x5989</load_address>
         <run_address>0x5989</run_address>
         <size>0x2bd</size>
         <input_file_ref idref="fl-3"/>
      </object_component>
      <object_component id="oc-24">
         <name>.debug_info</name>
         <load_address>0x5c46</load_address>
         <run_address>0x5c46</run_address>
         <size>0xe9</size>
         <input_file_ref idref="fl-3"/>
      </object_component>
      <object_component id="oc-6a">
         <name>.debug_info</name>
         <load_address>0x5d2f</load_address>
         <run_address>0x5d2f</run_address>
         <size>0x1b0</size>
         <input_file_ref idref="fl-3"/>
      </object_component>
      <object_component id="oc-121">
         <name>.debug_info</name>
         <load_address>0x5edf</load_address>
         <run_address>0x5edf</run_address>
         <size>0xe2</size>
         <input_file_ref idref="fl-4"/>
      </object_component>
      <object_component id="oc-ac">
         <name>.debug_info</name>
         <load_address>0x5fc1</load_address>
         <run_address>0x5fc1</run_address>
         <size>0x254</size>
         <input_file_ref idref="fl-4"/>
      </object_component>
      <object_component id="oc-90">
         <name>.debug_info</name>
         <load_address>0x6215</load_address>
         <run_address>0x6215</run_address>
         <size>0x313</size>
         <input_file_ref idref="fl-be"/>
      </object_component>
      <object_component id="oc-47">
         <name>.debug_info</name>
         <load_address>0x6528</load_address>
         <run_address>0x6528</run_address>
         <size>0x1b4</size>
         <input_file_ref idref="fl-be"/>
      </object_component>
      <object_component id="oc-8b">
         <name>.debug_info</name>
         <load_address>0x66dc</load_address>
         <run_address>0x66dc</run_address>
         <size>0x46</size>
         <input_file_ref idref="fl-be"/>
      </object_component>
      <object_component id="oc-d9">
         <name>.debug_info</name>
         <load_address>0x6722</load_address>
         <run_address>0x6722</run_address>
         <size>0x2c</size>
         <input_file_ref idref="fl-be"/>
      </object_component>
      <object_component id="oc-42">
         <name>.debug_info</name>
         <load_address>0x674e</load_address>
         <run_address>0x674e</run_address>
         <size>0x29d</size>
         <input_file_ref idref="fl-bf"/>
      </object_component>
      <object_component id="oc-1e">
         <name>.debug_info</name>
         <load_address>0x69eb</load_address>
         <run_address>0x69eb</run_address>
         <size>0x1df</size>
         <input_file_ref idref="fl-bf"/>
      </object_component>
      <object_component id="oc-3d">
         <name>.debug_info</name>
         <load_address>0x6bca</load_address>
         <run_address>0x6bca</run_address>
         <size>0x46</size>
         <input_file_ref idref="fl-bf"/>
      </object_component>
      <object_component id="oc-83">
         <name>.debug_info</name>
         <load_address>0x6c10</load_address>
         <run_address>0x6c10</run_address>
         <size>0x2c</size>
         <input_file_ref idref="fl-bf"/>
      </object_component>
      <object_component id="oc-81">
         <name>.debug_info</name>
         <load_address>0x6c3c</load_address>
         <run_address>0x6c3c</run_address>
         <size>0x293</size>
         <input_file_ref idref="fl-c0"/>
      </object_component>
      <object_component id="oc-15">
         <name>.debug_info</name>
         <load_address>0x6ecf</load_address>
         <run_address>0x6ecf</run_address>
         <size>0x245</size>
         <input_file_ref idref="fl-c0"/>
      </object_component>
      <object_component id="oc-2d">
         <name>.debug_info</name>
         <load_address>0x7114</load_address>
         <run_address>0x7114</run_address>
         <size>0x60</size>
         <input_file_ref idref="fl-c0"/>
      </object_component>
      <object_component id="oc-d2">
         <name>.debug_info</name>
         <load_address>0x7174</load_address>
         <run_address>0x7174</run_address>
         <size>0x46</size>
         <input_file_ref idref="fl-c0"/>
      </object_component>
      <object_component id="oc-7c">
         <name>.debug_info</name>
         <load_address>0x71ba</load_address>
         <run_address>0x71ba</run_address>
         <size>0x39</size>
         <input_file_ref idref="fl-c0"/>
      </object_component>
      <object_component id="oc-27">
         <name>.debug_info</name>
         <load_address>0x71f3</load_address>
         <run_address>0x71f3</run_address>
         <size>0x100</size>
         <input_file_ref idref="fl-c1"/>
      </object_component>
      <object_component id="oc-59">
         <name>.debug_info</name>
         <load_address>0x72f3</load_address>
         <run_address>0x72f3</run_address>
         <size>0x1a4</size>
         <input_file_ref idref="fl-c1"/>
      </object_component>
      <object_component id="oc-151">
         <name>.debug_info</name>
         <load_address>0x7497</load_address>
         <run_address>0x7497</run_address>
         <size>0x3a2</size>
         <input_file_ref idref="fl-c2"/>
      </object_component>
      <object_component id="oc-14e">
         <name>.debug_info</name>
         <load_address>0x7839</load_address>
         <run_address>0x7839</run_address>
         <size>0x185</size>
         <input_file_ref idref="fl-c2"/>
      </object_component>
      <object_component id="oc-e4">
         <name>.debug_info</name>
         <load_address>0x79be</load_address>
         <run_address>0x79be</run_address>
         <size>0x117</size>
         <input_file_ref idref="fl-c2"/>
      </object_component>
      <object_component id="oc-eb">
         <name>.debug_info</name>
         <load_address>0x7ad5</load_address>
         <run_address>0x7ad5</run_address>
         <size>0x179</size>
         <input_file_ref idref="fl-c2"/>
      </object_component>
      <object_component id="oc-1c0">
         <name>.debug_info</name>
         <load_address>0x7c4e</load_address>
         <run_address>0x7c4e</run_address>
         <size>0x2be</size>
         <input_file_ref idref="fl-c3"/>
      </object_component>
      <object_component id="oc-12b">
         <name>.debug_info</name>
         <load_address>0x7f0c</load_address>
         <run_address>0x7f0c</run_address>
         <size>0x113</size>
         <input_file_ref idref="fl-c3"/>
      </object_component>
      <object_component id="oc-1b9">
         <name>.debug_info</name>
         <load_address>0x801f</load_address>
         <run_address>0x801f</run_address>
         <size>0x123</size>
         <input_file_ref idref="fl-c3"/>
      </object_component>
      <object_component id="oc-13d">
         <name>.debug_info</name>
         <load_address>0x8142</load_address>
         <run_address>0x8142</run_address>
         <size>0x3da</size>
         <input_file_ref idref="fl-c5"/>
      </object_component>
      <object_component id="oc-138">
         <name>.debug_info</name>
         <load_address>0x851c</load_address>
         <run_address>0x851c</run_address>
         <size>0x14c</size>
         <input_file_ref idref="fl-c5"/>
      </object_component>
      <object_component id="oc-132">
         <name>.debug_info</name>
         <load_address>0x8668</load_address>
         <run_address>0x8668</run_address>
         <size>0x15b</size>
         <input_file_ref idref="fl-c5"/>
      </object_component>
      <object_component id="oc-b2">
         <name>.debug_info</name>
         <load_address>0x87c3</load_address>
         <run_address>0x87c3</run_address>
         <size>0x1a1</size>
         <input_file_ref idref="fl-c5"/>
      </object_component>
      <object_component id="oc-1d6">
         <name>.debug_info</name>
         <load_address>0x8964</load_address>
         <run_address>0x8964</run_address>
         <size>0xb2</size>
         <input_file_ref idref="fl-c5"/>
      </object_component>
      <object_component id="oc-92">
         <name>.debug_info</name>
         <load_address>0x8a16</load_address>
         <run_address>0x8a16</run_address>
         <size>0x13f</size>
         <input_file_ref idref="fl-c6"/>
      </object_component>
      <object_component id="oc-39">
         <name>.debug_info</name>
         <load_address>0x8b55</load_address>
         <run_address>0x8b55</run_address>
         <size>0x111</size>
         <input_file_ref idref="fl-c7"/>
      </object_component>
      <object_component id="oc-154">
         <name>.debug_info</name>
         <load_address>0x8c66</load_address>
         <run_address>0x8c66</run_address>
         <size>0x547</size>
         <input_file_ref idref="fl-c8"/>
      </object_component>
      <object_component id="oc-f0">
         <name>.debug_info</name>
         <load_address>0x91ad</load_address>
         <run_address>0x91ad</run_address>
         <size>0x19b</size>
         <input_file_ref idref="fl-c8"/>
      </object_component>
      <object_component id="oc-1ed">
         <name>.debug_info</name>
         <load_address>0x9348</load_address>
         <run_address>0x9348</run_address>
         <size>0x39</size>
         <input_file_ref idref="fl-c8"/>
      </object_component>
      <object_component id="oc-29e">
         <name>.debug_info</name>
         <load_address>0x9381</load_address>
         <run_address>0x9381</run_address>
         <size>0x39</size>
         <input_file_ref idref="fl-c8"/>
      </object_component>
      <object_component id="oc-1f2">
         <name>.debug_info</name>
         <load_address>0x93ba</load_address>
         <run_address>0x93ba</run_address>
         <size>0x39</size>
         <input_file_ref idref="fl-c8"/>
      </object_component>
      <object_component id="oc-1f7">
         <name>.debug_info</name>
         <load_address>0x93f3</load_address>
         <run_address>0x93f3</run_address>
         <size>0xcd</size>
         <input_file_ref idref="fl-c8"/>
      </object_component>
      <object_component id="oc-99">
         <name>.debug_info</name>
         <load_address>0x94c0</load_address>
         <run_address>0x94c0</run_address>
         <size>0x148</size>
         <input_file_ref idref="fl-c9"/>
      </object_component>
      <object_component id="oc-1ad">
         <name>.debug_info</name>
         <load_address>0x9608</load_address>
         <run_address>0x9608</run_address>
         <size>0x8a6</size>
         <input_file_ref idref="fl-cb"/>
      </object_component>
      <object_component id="oc-179">
         <name>.debug_info</name>
         <load_address>0x9eae</load_address>
         <run_address>0x9eae</run_address>
         <size>0x213</size>
         <input_file_ref idref="fl-cb"/>
      </object_component>
      <object_component id="oc-232">
         <name>.debug_info</name>
         <load_address>0xa0c1</load_address>
         <run_address>0xa0c1</run_address>
         <size>0x1a8</size>
         <input_file_ref idref="fl-cb"/>
      </object_component>
      <object_component id="oc-238">
         <name>.debug_info</name>
         <load_address>0xa269</load_address>
         <run_address>0xa269</run_address>
         <size>0x210</size>
         <input_file_ref idref="fl-cb"/>
      </object_component>
      <object_component id="oc-184">
         <name>.debug_info</name>
         <load_address>0xa479</load_address>
         <run_address>0xa479</run_address>
         <size>0x3b0</size>
         <input_file_ref idref="fl-cb"/>
      </object_component>
      <object_component id="oc-23f">
         <name>.debug_info</name>
         <load_address>0xa829</load_address>
         <run_address>0xa829</run_address>
         <size>0x2fa</size>
         <input_file_ref idref="fl-cb"/>
      </object_component>
      <object_component id="oc-245">
         <name>.debug_info</name>
         <load_address>0xab23</load_address>
         <run_address>0xab23</run_address>
         <size>0x20a</size>
         <input_file_ref idref="fl-cb"/>
      </object_component>
      <object_component id="oc-18a">
         <name>.debug_info</name>
         <load_address>0xad2d</load_address>
         <run_address>0xad2d</run_address>
         <size>0x20a</size>
         <input_file_ref idref="fl-cb"/>
      </object_component>
      <object_component id="oc-190">
         <name>.debug_info</name>
         <load_address>0xaf37</load_address>
         <run_address>0xaf37</run_address>
         <size>0x2f9</size>
         <input_file_ref idref="fl-cb"/>
      </object_component>
      <object_component id="oc-195">
         <name>.debug_info</name>
         <load_address>0xb230</load_address>
         <run_address>0xb230</run_address>
         <size>0x4a5</size>
         <input_file_ref idref="fl-cb"/>
      </object_component>
      <object_component id="oc-125">
         <name>.debug_info</name>
         <load_address>0xb6d5</load_address>
         <run_address>0xb6d5</run_address>
         <size>0x5cd</size>
         <input_file_ref idref="fl-cb"/>
      </object_component>
      <object_component id="oc-1ae">
         <name>.debug_info</name>
         <load_address>0xbca2</load_address>
         <run_address>0xbca2</run_address>
         <size>0x86</size>
         <input_file_ref idref="fl-cb"/>
      </object_component>
      <object_component id="oc-273">
         <name>.debug_info</name>
         <load_address>0xbd28</load_address>
         <run_address>0xbd28</run_address>
         <size>0x39</size>
         <input_file_ref idref="fl-cb"/>
      </object_component>
      <object_component id="oc-2e1">
         <name>.debug_info</name>
         <load_address>0xbd61</load_address>
         <run_address>0xbd61</run_address>
         <size>0xb6</size>
         <input_file_ref idref="fl-cb"/>
      </object_component>
      <object_component id="oc-278">
         <name>.debug_info</name>
         <load_address>0xbe17</load_address>
         <run_address>0xbe17</run_address>
         <size>0x46</size>
         <input_file_ref idref="fl-cb"/>
      </object_component>
      <object_component id="oc-1b3">
         <name>.debug_info</name>
         <load_address>0xbe5d</load_address>
         <run_address>0xbe5d</run_address>
         <size>0x46</size>
         <input_file_ref idref="fl-cb"/>
      </object_component>
      <object_component id="oc-26e">
         <name>.debug_info</name>
         <load_address>0xbea3</load_address>
         <run_address>0xbea3</run_address>
         <size>0x2c</size>
         <input_file_ref idref="fl-cb"/>
      </object_component>
      <object_component id="oc-204">
         <name>.debug_info</name>
         <load_address>0xbecf</load_address>
         <run_address>0xbecf</run_address>
         <size>0x2ae</size>
         <input_file_ref idref="fl-cc"/>
      </object_component>
      <object_component id="oc-173">
         <name>.debug_info</name>
         <load_address>0xc17d</load_address>
         <run_address>0xc17d</run_address>
         <size>0x171</size>
         <input_file_ref idref="fl-cc"/>
      </object_component>
      <object_component id="oc-2ae">
         <name>.debug_info</name>
         <load_address>0xc2ee</load_address>
         <run_address>0xc2ee</run_address>
         <size>0xee</size>
         <input_file_ref idref="fl-cd"/>
      </object_component>
      <object_component id="oc-201">
         <name>.debug_info</name>
         <load_address>0xc3dc</load_address>
         <run_address>0xc3dc</run_address>
         <size>0xfa</size>
         <input_file_ref idref="fl-cd"/>
      </object_component>
      <object_component id="oc-1c4">
         <name>.debug_info</name>
         <load_address>0xc4d6</load_address>
         <run_address>0xc4d6</run_address>
         <size>0x139</size>
         <input_file_ref idref="fl-ce"/>
      </object_component>
      <object_component id="oc-12e">
         <name>.debug_info</name>
         <load_address>0xc60f</load_address>
         <run_address>0xc60f</run_address>
         <size>0xf7</size>
         <input_file_ref idref="fl-ce"/>
      </object_component>
      <object_component id="oc-36c">
         <name>.debug_info</name>
         <load_address>0xc706</load_address>
         <run_address>0xc706</run_address>
         <size>0x184</size>
         <input_file_ref idref="fl-ce"/>
      </object_component>
      <object_component id="oc-29d">
         <name>.debug_info</name>
         <load_address>0xc88a</load_address>
         <run_address>0xc88a</run_address>
         <size>0x378</size>
         <input_file_ref idref="fl-cf"/>
      </object_component>
      <object_component id="oc-1d0">
         <name>.debug_info</name>
         <load_address>0xcc02</load_address>
         <run_address>0xcc02</run_address>
         <size>0x1df</size>
         <input_file_ref idref="fl-cf"/>
      </object_component>
      <object_component id="oc-29b">
         <name>.debug_info</name>
         <load_address>0xcde1</load_address>
         <run_address>0xcde1</run_address>
         <size>0x3f1</size>
         <input_file_ref idref="fl-d0"/>
      </object_component>
      <object_component id="oc-1c7">
         <name>.debug_info</name>
         <load_address>0xd1d2</load_address>
         <run_address>0xd1d2</run_address>
         <size>0x2d7</size>
         <input_file_ref idref="fl-d0"/>
      </object_component>
      <object_component id="oc-2bc">
         <name>.debug_info</name>
         <load_address>0xd4a9</load_address>
         <run_address>0xd4a9</run_address>
         <size>0x290</size>
         <input_file_ref idref="fl-d1"/>
      </object_component>
      <object_component id="oc-222">
         <name>.debug_info</name>
         <load_address>0xd739</load_address>
         <run_address>0xd739</run_address>
         <size>0x1c2</size>
         <input_file_ref idref="fl-d1"/>
      </object_component>
      <object_component id="oc-25f">
         <name>.debug_info</name>
         <load_address>0xd8fb</load_address>
         <run_address>0xd8fb</run_address>
         <size>0x28b</size>
         <input_file_ref idref="fl-d2"/>
      </object_component>
      <object_component id="oc-19c">
         <name>.debug_info</name>
         <load_address>0xdb86</load_address>
         <run_address>0xdb86</run_address>
         <size>0x1ab</size>
         <input_file_ref idref="fl-d2"/>
      </object_component>
      <object_component id="oc-2f5">
         <name>.debug_info</name>
         <load_address>0xdd31</load_address>
         <run_address>0xdd31</run_address>
         <size>0x29a</size>
         <input_file_ref idref="fl-d3"/>
      </object_component>
      <object_component id="oc-28a">
         <name>.debug_info</name>
         <load_address>0xdfcb</load_address>
         <run_address>0xdfcb</run_address>
         <size>0x242</size>
         <input_file_ref idref="fl-d3"/>
      </object_component>
      <object_component id="oc-2d3">
         <name>.debug_info</name>
         <load_address>0xe20d</load_address>
         <run_address>0xe20d</run_address>
         <size>0x28f</size>
         <input_file_ref idref="fl-d4"/>
      </object_component>
      <object_component id="oc-259">
         <name>.debug_info</name>
         <load_address>0xe49c</load_address>
         <run_address>0xe49c</run_address>
         <size>0x247</size>
         <input_file_ref idref="fl-d4"/>
      </object_component>
      <object_component id="oc-1ff">
         <name>.debug_info</name>
         <load_address>0xe6e3</load_address>
         <run_address>0xe6e3</run_address>
         <size>0x284</size>
         <input_file_ref idref="fl-d5"/>
      </object_component>
      <object_component id="oc-16c">
         <name>.debug_info</name>
         <load_address>0xe967</load_address>
         <run_address>0xe967</run_address>
         <size>0x22a</size>
         <input_file_ref idref="fl-d5"/>
      </object_component>
      <object_component id="oc-2fc">
         <name>.debug_info</name>
         <load_address>0xeb91</load_address>
         <run_address>0xeb91</run_address>
         <size>0x4c5</size>
         <input_file_ref idref="fl-d6"/>
      </object_component>
      <object_component id="oc-33a">
         <name>.debug_info</name>
         <load_address>0xf056</load_address>
         <run_address>0xf056</run_address>
         <size>0xf8</size>
         <input_file_ref idref="fl-d6"/>
      </object_component>
      <object_component id="oc-2f9">
         <name>.debug_info</name>
         <load_address>0xf14e</load_address>
         <run_address>0xf14e</run_address>
         <size>0xf8</size>
         <input_file_ref idref="fl-d6"/>
      </object_component>
      <object_component id="oc-295">
         <name>.debug_info</name>
         <load_address>0xf246</load_address>
         <run_address>0xf246</run_address>
         <size>0x184</size>
         <input_file_ref idref="fl-d6"/>
      </object_component>
      <object_component id="oc-340">
         <name>.debug_info</name>
         <load_address>0xf3ca</load_address>
         <run_address>0xf3ca</run_address>
         <size>0x120</size>
         <input_file_ref idref="fl-d6"/>
      </object_component>
      <object_component id="oc-345">
         <name>.debug_info</name>
         <load_address>0xf4ea</load_address>
         <run_address>0xf4ea</run_address>
         <size>0x2c</size>
         <input_file_ref idref="fl-d6"/>
      </object_component>
      <object_component id="oc-2c4">
         <name>.debug_info</name>
         <load_address>0xf516</load_address>
         <run_address>0xf516</run_address>
         <size>0x28f</size>
         <input_file_ref idref="fl-d7"/>
      </object_component>
      <object_component id="oc-24c">
         <name>.debug_info</name>
         <load_address>0xf7a5</load_address>
         <run_address>0xf7a5</run_address>
         <size>0x18a</size>
         <input_file_ref idref="fl-d7"/>
      </object_component>
      <object_component id="oc-308">
         <name>.debug_info</name>
         <load_address>0xf92f</load_address>
         <run_address>0xf92f</run_address>
         <size>0x39</size>
         <input_file_ref idref="fl-d7"/>
      </object_component>
      <object_component id="oc-2c5">
         <name>.debug_info</name>
         <load_address>0xf968</load_address>
         <run_address>0xf968</run_address>
         <size>0x2c</size>
         <input_file_ref idref="fl-d7"/>
      </object_component>
      <object_component id="oc-2d1">
         <name>.debug_info</name>
         <load_address>0xf994</load_address>
         <run_address>0xf994</run_address>
         <size>0x2f2</size>
         <input_file_ref idref="fl-d8"/>
      </object_component>
      <object_component id="oc-253">
         <name>.debug_info</name>
         <load_address>0xfc86</load_address>
         <run_address>0xfc86</run_address>
         <size>0x21a</size>
         <input_file_ref idref="fl-d8"/>
      </object_component>
      <object_component id="oc-2cc">
         <name>.debug_info</name>
         <load_address>0xfea0</load_address>
         <run_address>0xfea0</run_address>
         <size>0x156</size>
         <input_file_ref idref="fl-d9"/>
      </object_component>
      <object_component id="oc-266">
         <name>.debug_info</name>
         <load_address>0xfff6</load_address>
         <run_address>0xfff6</run_address>
         <size>0x284</size>
         <input_file_ref idref="fl-da"/>
      </object_component>
      <object_component id="oc-1a1">
         <name>.debug_info</name>
         <load_address>0x1027a</load_address>
         <run_address>0x1027a</run_address>
         <size>0x14f</size>
         <input_file_ref idref="fl-da"/>
      </object_component>
      <object_component id="oc-2d6">
         <name>.debug_info</name>
         <load_address>0x103c9</load_address>
         <run_address>0x103c9</run_address>
         <size>0x46</size>
         <input_file_ref idref="fl-da"/>
      </object_component>
      <object_component id="oc-261">
         <name>.debug_info</name>
         <load_address>0x1040f</load_address>
         <run_address>0x1040f</run_address>
         <size>0x39</size>
         <input_file_ref idref="fl-da"/>
      </object_component>
      <object_component id="oc-22c">
         <name>.debug_info</name>
         <load_address>0x10448</load_address>
         <run_address>0x10448</run_address>
         <size>0x144</size>
         <input_file_ref idref="fl-db"/>
      </object_component>
      <object_component id="oc-17f">
         <name>.debug_info</name>
         <load_address>0x1058c</load_address>
         <run_address>0x1058c</run_address>
         <size>0x120</size>
         <input_file_ref idref="fl-dc"/>
      </object_component>
      <object_component id="oc-217">
         <name>.debug_info</name>
         <load_address>0x106ac</load_address>
         <run_address>0x106ac</run_address>
         <size>0x122</size>
         <input_file_ref idref="fl-dc"/>
      </object_component>
      <object_component id="oc-214">
         <name>.debug_info</name>
         <load_address>0x107ce</load_address>
         <run_address>0x107ce</run_address>
         <size>0x132</size>
         <input_file_ref idref="fl-dd"/>
      </object_component>
      <object_component id="oc-20d">
         <name>.debug_info</name>
         <load_address>0x10900</load_address>
         <run_address>0x10900</run_address>
         <size>0x132</size>
         <input_file_ref idref="fl-de"/>
      </object_component>
      <object_component id="oc-21e">
         <name>.debug_info</name>
         <load_address>0x10a32</load_address>
         <run_address>0x10a32</run_address>
         <size>0x126</size>
         <input_file_ref idref="fl-df"/>
      </object_component>
      <object_component id="oc-227">
         <name>.debug_info</name>
         <load_address>0x10b58</load_address>
         <run_address>0x10b58</run_address>
         <size>0x124</size>
         <input_file_ref idref="fl-e0"/>
      </object_component>
      <object_component id="oc-206">
         <name>.debug_info</name>
         <load_address>0x10c7c</load_address>
         <run_address>0x10c7c</run_address>
         <size>0x12c</size>
         <input_file_ref idref="fl-e1"/>
      </object_component>
      <object_component id="oc-26b">
         <name>.debug_info</name>
         <load_address>0x10da8</load_address>
         <run_address>0x10da8</run_address>
         <size>0x27e</size>
         <input_file_ref idref="fl-e2"/>
      </object_component>
      <object_component id="oc-268">
         <name>.debug_info</name>
         <load_address>0x11026</load_address>
         <run_address>0x11026</run_address>
         <size>0x103</size>
         <input_file_ref idref="fl-e2"/>
      </object_component>
      <object_component id="oc-1a7">
         <name>.debug_info</name>
         <load_address>0x11129</load_address>
         <run_address>0x11129</run_address>
         <size>0x143</size>
         <input_file_ref idref="fl-e2"/>
      </object_component>
      <object_component id="oc-2f3">
         <name>.debug_info</name>
         <load_address>0x1126c</load_address>
         <run_address>0x1126c</run_address>
         <size>0x2f5</size>
         <input_file_ref idref="fl-e3"/>
      </object_component>
      <object_component id="oc-285">
         <name>.debug_info</name>
         <load_address>0x11561</load_address>
         <run_address>0x11561</run_address>
         <size>0x191</size>
         <input_file_ref idref="fl-e3"/>
      </object_component>
      <object_component id="oc-32e">
         <name>.debug_info</name>
         <load_address>0x116f2</load_address>
         <run_address>0x116f2</run_address>
         <size>0xbf</size>
         <input_file_ref idref="fl-e3"/>
      </object_component>
      <object_component id="oc-2f7">
         <name>.debug_info</name>
         <load_address>0x117b1</load_address>
         <run_address>0x117b1</run_address>
         <size>0x33c</size>
         <input_file_ref idref="fl-e4"/>
      </object_component>
      <object_component id="oc-291">
         <name>.debug_info</name>
         <load_address>0x11aed</load_address>
         <run_address>0x11aed</run_address>
         <size>0x17f</size>
         <input_file_ref idref="fl-e4"/>
      </object_component>
      <object_component id="oc-319">
         <name>.debug_info</name>
         <load_address>0x11c6c</load_address>
         <run_address>0x11c6c</run_address>
         <size>0x319</size>
         <input_file_ref idref="fl-e5"/>
      </object_component>
      <object_component id="oc-2e9">
         <name>.debug_info</name>
         <load_address>0x11f85</load_address>
         <run_address>0x11f85</run_address>
         <size>0x1e1</size>
         <input_file_ref idref="fl-e5"/>
      </object_component>
      <object_component id="oc-34b">
         <name>.debug_info</name>
         <load_address>0x12166</load_address>
         <run_address>0x12166</run_address>
         <size>0x38c</size>
         <input_file_ref idref="fl-e6"/>
      </object_component>
      <object_component id="oc-313">
         <name>.debug_info</name>
         <load_address>0x124f2</load_address>
         <run_address>0x124f2</run_address>
         <size>0x18a</size>
         <input_file_ref idref="fl-e6"/>
      </object_component>
      <object_component id="oc-32d">
         <name>.debug_info</name>
         <load_address>0x1267c</load_address>
         <run_address>0x1267c</run_address>
         <size>0x369</size>
         <input_file_ref idref="fl-e7"/>
      </object_component>
      <object_component id="oc-2ed">
         <name>.debug_info</name>
         <load_address>0x129e5</load_address>
         <run_address>0x129e5</run_address>
         <size>0x200</size>
         <input_file_ref idref="fl-e7"/>
      </object_component>
      <object_component id="oc-3c6">
         <name>.debug_info</name>
         <load_address>0x12be5</load_address>
         <run_address>0x12be5</run_address>
         <size>0x368</size>
         <input_file_ref idref="fl-e8"/>
      </object_component>
      <object_component id="oc-379">
         <name>.debug_info</name>
         <load_address>0x12f4d</load_address>
         <run_address>0x12f4d</run_address>
         <size>0x1b1</size>
         <input_file_ref idref="fl-e8"/>
      </object_component>
      <object_component id="oc-3cc">
         <name>.debug_info</name>
         <load_address>0x130fe</load_address>
         <run_address>0x130fe</run_address>
         <size>0x36d</size>
         <input_file_ref idref="fl-e9"/>
      </object_component>
      <object_component id="oc-38b">
         <name>.debug_info</name>
         <load_address>0x1346b</load_address>
         <run_address>0x1346b</run_address>
         <size>0x205</size>
         <input_file_ref idref="fl-e9"/>
      </object_component>
      <object_component id="oc-3c2">
         <name>.debug_info</name>
         <load_address>0x13670</load_address>
         <run_address>0x13670</run_address>
         <size>0x398</size>
         <input_file_ref idref="fl-ea"/>
      </object_component>
      <object_component id="oc-372">
         <name>.debug_info</name>
         <load_address>0x13a08</load_address>
         <run_address>0x13a08</run_address>
         <size>0x201</size>
         <input_file_ref idref="fl-ea"/>
      </object_component>
      <object_component id="oc-3c8">
         <name>.debug_info</name>
         <load_address>0x13c09</load_address>
         <run_address>0x13c09</run_address>
         <size>0x36c</size>
         <input_file_ref idref="fl-eb"/>
      </object_component>
      <object_component id="oc-380">
         <name>.debug_info</name>
         <load_address>0x13f75</load_address>
         <run_address>0x13f75</run_address>
         <size>0x1f0</size>
         <input_file_ref idref="fl-eb"/>
      </object_component>
      <object_component id="oc-3d6">
         <name>.debug_info</name>
         <load_address>0x14165</load_address>
         <run_address>0x14165</run_address>
         <size>0x3ca</size>
         <input_file_ref idref="fl-ec"/>
      </object_component>
      <object_component id="oc-396">
         <name>.debug_info</name>
         <load_address>0x1452f</load_address>
         <run_address>0x1452f</run_address>
         <size>0x22b</size>
         <input_file_ref idref="fl-ec"/>
      </object_component>
      <object_component id="oc-3ce">
         <name>.debug_info</name>
         <load_address>0x1475a</load_address>
         <run_address>0x1475a</run_address>
         <size>0x38b</size>
         <input_file_ref idref="fl-ed"/>
      </object_component>
      <object_component id="oc-390">
         <name>.debug_info</name>
         <load_address>0x14ae5</load_address>
         <run_address>0x14ae5</run_address>
         <size>0x1bb</size>
         <input_file_ref idref="fl-ed"/>
      </object_component>
      <object_component id="oc-3ca">
         <name>.debug_info</name>
         <load_address>0x14ca0</load_address>
         <run_address>0x14ca0</run_address>
         <size>0x36d</size>
[...]
         <value>0x2377</value>
         <object_component_ref idref="oc-91"/>
      </symbol>
      <symbol id="sm-1f1">
         <name>memset</name>
         <value>0x237d</value>
         <object_component_ref idref="oc-91"/>
      </symbol>
      <symbol id="sm-1f2">
         <name>__aeabi_memset8</name>
         <value>0x2377</value>
         <object_component_ref idref="oc-91"/>
      </symbol>
      <symbol id="sm-1f3">
         <name>__aeabi_memset4</name>
         <value>0x2377</value>
         <object_component_ref idref="oc-91"/>
      </symbol>
      <symbol id="sm-1f4">
         <name>__aeabi_memclr8</name>
         <value>0x2375</value>
         <object_component_ref idref="oc-91"/>
      </symbol>
      <symbol id="sm-1f5">
         <name>__aeabi_memclr4</name>
         <value>0x2375</value>
         <object_component_ref idref="oc-91"/>
      </symbol>
      <symbol id="sm-1f6">
         <name>__aeabi_memclr</name>
         <value>0x2375</value>
         <object_component_ref idref="oc-91"/>
      </symbol>
      <symbol id="sm-211">
         <name>memcpy</name>
         <value>0x20ab</value>
         <object_component_ref idref="oc-37"/>
      </symbol>
      <symbol id="sm-212">
         <name>__aeabi_memcpy</name>
         <value>0x20ab</value>
         <object_component_ref idref="oc-37"/>
      </symbol>
      <symbol id="sm-213">
         <name>__aeabi_memcpy8</name>
         <value>0x20ab</value>
         <object_component_ref idref="oc-37"/>
      </symbol>
      <symbol id="sm-214">
         <name>__aeabi_memcpy4</name>
         <value>0x20ab</value>
         <object_component_ref idref="oc-37"/>
      </symbol>
      <symbol id="sm-23c">
         <name>__TI_auto_init_nobinit_nopinit</name>
         <value>0x2c31</value>
         <object_component_ref idref="oc-ee"/>
      </symbol>
      <symbol id="sm-246">
         <name>_system_pre_init</name>
         <value>0x3079</value>
         <object_component_ref idref="oc-97"/>
      </symbol>
      <symbol id="sm-3b1">
         <name>__TI_printfi</name>
         <value>0xe5</value>
         <object_component_ref idref="oc-124"/>
      </symbol>
      <symbol id="sm-3c7">
         <name>atoi</name>
         <value>0x2acd</value>
         <object_component_ref idref="oc-171"/>
      </symbol>
      <symbol id="sm-3d2">
         <name>_ctypes_</name>
         <value>0x3080</value>
         <object_component_ref idref="oc-200"/>
      </symbol>
      <symbol id="sm-3e7">
         <name>__TI_tmpnams</name>
         <value>0x20000720</value>
      </symbol>
      <symbol id="sm-3e8">
         <name>__aeabi_stdout</name>
         <value>0x200005d0</value>
         <object_component_ref idref="oc-36b"/>
      </symbol>
      <symbol id="sm-3e9">
         <name>__aeabi_stderr</name>
         <value>0x200005d4</value>
         <object_component_ref idref="oc-36b"/>
      </symbol>
      <symbol id="sm-3ea">
         <name>__aeabi_stdin</name>
         <value>0x200005cc</value>
         <object_component_ref idref="oc-36b"/>
      </symbol>
      <symbol id="sm-3eb">
         <name>_ftable</name>
         <value>0x20000400</value>
         <object_component_ref idref="oc-12d"/>
      </symbol>
      <symbol id="sm-3ec">
         <name>__TI_ft_end</name>
         <value>0x200005c8</value>
         <object_component_ref idref="oc-36b"/>
      </symbol>
      <symbol id="sm-401">
         <name>putc</name>
         <value>0x21dd</value>
         <object_component_ref idref="oc-1cd"/>
      </symbol>
      <symbol id="sm-402">
         <name>fputc</name>
         <value>0x21dd</value>
         <object_component_ref idref="oc-1cd"/>
      </symbol>
      <symbol id="sm-420">
         <name>fputs</name>
         <value>0x1b25</value>
         <object_component_ref idref="oc-1c6"/>
      </symbol>
      <symbol id="sm-42f">
         <name>ltoa</name>
         <value>0x29db</value>
         <object_component_ref idref="oc-220"/>
      </symbol>
      <symbol id="sm-43f">
         <name>memccpy</name>
         <value>0x2fa1</value>
         <object_component_ref idref="oc-19a"/>
      </symbol>
      <symbol id="sm-44f">
         <name>memchr</name>
         <value>0x2f81</value>
         <object_component_ref idref="oc-288"/>
      </symbol>
      <symbol id="sm-45f">
         <name>strchr</name>
         <value>0x2fd5</value>
         <object_component_ref idref="oc-257"/>
      </symbol>
      <symbol id="sm-46d">
         <name>strlen</name>
         <value>0x3013</value>
         <object_component_ref idref="oc-16b"/>
      </symbol>
      <symbol id="sm-493">
         <name>_stream</name>
         <value>0x20000568</value>
         <object_component_ref idref="oc-2f8"/>
      </symbol>
      <symbol id="sm-494">
         <name>_device</name>
         <value>0x200004f0</value>
         <object_component_ref idref="oc-339"/>
      </symbol>
      <symbol id="sm-495">
         <name>write</name>
         <value>0x2f59</value>
         <object_component_ref idref="oc-294"/>
      </symbol>
      <symbol id="sm-4b5">
         <name>frexpl</name>
         <value>0x26ed</value>
         <object_component_ref idref="oc-24b"/>
      </symbol>
      <symbol id="sm-4b6">
         <name>frexp</name>
         <value>0x26ed</value>
         <object_component_ref idref="oc-24b"/>
      </symbol>
      <symbol id="sm-4d3">
         <name>scalbn</name>
         <value>0x1c39</value>
         <object_component_ref idref="oc-251"/>
      </symbol>
      <symbol id="sm-4d4">
         <name>scalbnl</name>
         <value>0x1c39</value>
         <object_component_ref idref="oc-251"/>
      </symbol>
      <symbol id="sm-4d5">
         <name>ldexpl</name>
         <value>0x1c39</value>
         <object_component_ref idref="oc-251"/>
      </symbol>
      <symbol id="sm-4d6">
         <name>ldexp</name>
         <value>0x1c39</value>
         <object_component_ref idref="oc-251"/>
      </symbol>
      <symbol id="sm-4e0">
         <name>copysign</name>
         <value>0x2feb</value>
         <object_component_ref idref="oc-2ca"/>
      </symbol>
      <symbol id="sm-4e1">
         <name>copysignl</name>
         <value>0x2feb</value>
         <object_component_ref idref="oc-2ca"/>
      </symbol>
      <symbol id="sm-4fa">
         <name>wcslen</name>
         <value>0x3039</value>
         <object_component_ref idref="oc-1a0"/>
      </symbol>
      <symbol id="sm-511">
         <name>__aeabi_dsub</name>
         <value>0x15d9</value>
         <object_component_ref idref="oc-22b"/>
      </symbol>
      <symbol id="sm-512">
         <name>__aeabi_dadd</name>
         <value>0x15e3</value>
         <object_component_ref idref="oc-22b"/>
      </symbol>
      <symbol id="sm-534">
         <name>__aeabi_cdcmpeq</name>
         <value>0x2269</value>
         <object_component_ref idref="oc-17d"/>
      </symbol>
      <symbol id="sm-535">
         <name>__aeabi_cdcmple</name>
         <value>0x2269</value>
         <object_component_ref idref="oc-17d"/>
      </symbol>
      <symbol id="sm-536">
         <name>__aeabi_cdrcmple</name>
         <value>0x22ef</value>
         <object_component_ref idref="oc-216"/>
      </symbol>
      <symbol id="sm-54a">
         <name>__aeabi_ddiv</name>
         <value>0x18cd</value>
         <object_component_ref idref="oc-211"/>
      </symbol>
      <symbol id="sm-555">
         <name>__aeabi_dmul</name>
         <value>0x1d49</value>
         <object_component_ref idref="oc-20c"/>
      </symbol>
      <symbol id="sm-55f">
         <name>__aeabi_d2iz</name>
         <value>0x2b61</value>
         <object_component_ref idref="oc-21b"/>
      </symbol>
      <symbol id="sm-569">
         <name>__aeabi_i2d</name>
         <value>0x2ead</value>
         <object_component_ref idref="oc-226"/>
      </symbol>
      <symbol id="sm-576">
         <name>__aeabi_uldivmod</name>
         <value>0x2147</value>
         <object_component_ref idref="oc-205"/>
      </symbol>
      <symbol id="sm-58c">
         <name>__aeabi_errno_addr</name>
         <value>0x3069</value>
         <object_component_ref idref="oc-1a6"/>
      </symbol>
      <symbol id="sm-58d">
         <name>errno</name>
         <value>0x200005f8</value>
         <object_component_ref idref="oc-267"/>
      </symbol>
      <symbol id="sm-5a5">
         <name>__TI_wrt_ok</name>
         <value>0x27b5</value>
         <object_component_ref idref="oc-282"/>
      </symbol>
      <symbol id="sm-5b5">
         <name>__TI_doflush</name>
         <value>0x2a81</value>
         <object_component_ref idref="oc-28e"/>
      </symbol>
      <symbol id="sm-5c7">
         <name>fseek</name>
         <value>0x2751</value>
         <object_component_ref idref="oc-2e6"/>
      </symbol>
      <symbol id="sm-5d7">
         <name>lseek</name>
         <value>0x2f09</value>
         <object_component_ref idref="oc-312"/>
      </symbol>
      <symbol id="sm-5f3">
         <name>setvbuf</name>
         <value>0x1e45</value>
         <object_component_ref idref="oc-2ec"/>
      </symbol>
      <symbol id="sm-604">
         <name>HOSTclose</name>
         <value>0x2ba9</value>
         <object_component_ref idref="oc-377"/>
      </symbol>
      <symbol id="sm-615">
         <name>HOSTlseek</name>
         <value>0x254d</value>
         <object_component_ref idref="oc-389"/>
      </symbol>
      <symbol id="sm-627">
         <name>parmbuf</name>
         <value>0x200007c0</value>
      </symbol>
      <symbol id="sm-628">
         <name>HOSTopen</name>
         <value>0x2819</value>
         <object_component_ref idref="oc-371"/>
      </symbol>
      <symbol id="sm-639">
         <name>HOSTread</name>
         <value>0x28d5</value>
         <object_component_ref idref="oc-37d"/>
      </symbol>
      <symbol id="sm-64a">
         <name>HOSTrename</name>
         <value>0x25b5</value>
         <object_component_ref idref="oc-395"/>
      </symbol>
      <symbol id="sm-65b">
         <name>HOSTunlink</name>
         <value>0x2bed</value>
         <object_component_ref idref="oc-38f"/>
      </symbol>
      <symbol id="sm-66c">
         <name>HOSTwrite</name>
         <value>0x292d</value>
         <object_component_ref idref="oc-383"/>
      </symbol>
      <symbol id="sm-690">
         <name>__TI_readmsg</name>
         <value>0x2e49</value>
         <object_component_ref idref="oc-3bb"/>
      </symbol>
      <symbol id="sm-691">
         <name>C$$IO$$</name>
         <value>0x2d63</value>
         <object_component_ref idref="oc-3b5"/>
      </symbol>
      <symbol id="sm-692">
         <name>__CIOBUF_</name>
         <value>0x20000600</value>
         <object_component_ref idref="oc-3e3"/>
      </symbol>
      <symbol id="sm-693">
         <name>__TI_writemsg</name>
         <value>0x2d35</value>
         <object_component_ref idref="oc-3b5"/>
      </symbol>
      <symbol id="sm-69d">
         <name>__aeabi_idiv0</name>
         <value>0x178f</value>
         <object_component_ref idref="oc-2b1"/>
      </symbol>
      <symbol id="sm-69e">
         <name>__aeabi_ldiv0</name>
         <value>0x178f</value>
         <object_component_ref idref="oc-2b1"/>
      </symbol>
      <symbol id="sm-719">
         <name>_sys_memory</name>
         <value>0x20000000</value>
         <object_component_ref idref="oc-29"/>
      </symbol>
      <symbol id="sm-71a">
         <name>free</name>
         <value>0x1f21</value>
         <object_component_ref idref="oc-31a"/>
      </symbol>
      <symbol id="sm-71b">
         <name>malloc</name>
         <value>0x23f1</value>
         <object_component_ref idref="oc-320"/>
      </symbol>
      <symbol id="sm-71c">
         <name>minit</name>
         <value>0x2da5</value>
         <object_component_ref idref="oc-34e"/>
      </symbol>
      <symbol id="sm-72c">
         <name>__TI_cleanup</name>
         <value>0x2e15</value>
         <object_component_ref idref="oc-326"/>
      </symbol>
      <symbol id="sm-73b">
         <name>strcpy</name>
         <value>0x2fff</value>
         <object_component_ref idref="oc-3cf"/>
      </symbol>
      <symbol id="sm-750">
         <name>__TI_closefile</name>
         <value>0x2469</value>
         <object_component_ref idref="oc-365"/>
      </symbol>
      <symbol id="sm-773">
         <name>finddevice</name>
         <value>0x2e7d</value>
         <object_component_ref idref="oc-401"/>
      </symbol>
      <symbol id="sm-774">
         <name>getdevice</name>
         <value>0x2c75</value>
         <object_component_ref idref="oc-3d9"/>
      </symbol>
      <symbol id="sm-784">
         <name>strcmp</name>
         <value>0x2fbd</value>
         <object_component_ref idref="oc-418"/>
      </symbol>
      <symbol id="sm-794">
         <name>strncpy</name>
         <value>0x2ddd</value>
         <object_component_ref idref="oc-3fb"/>
      </symbol>
      <symbol id="sm-7a4">
         <name>unlink</name>
         <value>0x2edd</value>
         <object_component_ref idref="oc-3aa"/>
      </symbol>
      <symbol id="sm-7b8">
         <name>close</name>
         <value>0x2879</value>
         <object_component_ref idref="oc-3a4"/>
      </symbol>
      <symbol id="sm-7b9">
         <name>__TI_static_base__</name>
         <value>0x0</value>
      </symbol>
      <symbol id="sm-7bc">
         <name>__mpu_init</name>
         <value>0x0</value>
      </symbol>
      <symbol id="sm-7bd">
         <name>_system_post_cinit</name>
         <value>0x0</value>
      </symbol>
      <symbol id="sm-7be">
         <name>NMI_Handler</name>
         <value>0x3065</value>
      </symbol>
      <symbol id="sm-7bf">
         <name>HardFault_Handler</name>
         <value>0x3065</value>
      </symbol>
      <symbol id="sm-7c0">
         <name>MemManage_Handler</name>
         <value>0x3065</value>
      </symbol>
      <symbol id="sm-7c1">
         <name>BusFault_Handler</name>
         <value>0x3065</value>
      </symbol>
      <symbol id="sm-7c2">
         <name>UsageFault_Handler</name>
         <value>0x3065</value>
      </symbol>
      <symbol id="sm-7c3">
         <name>SVC_Handler</name>
         <value>0x3065</value>
      </symbol>
      <symbol id="sm-7c4">
         <name>DebugMon_Handler</name>
         <value>0x3065</value>
      </symbol>
      <symbol id="sm-7c5">
         <name>PendSV_Handler</name>
         <value>0x3065</value>
      </symbol>
      <symbol id="sm-7c6">
         <name>SysTick_Handler</name>
         <value>0x3065</value>
      </symbol>
      <symbol id="sm-7c7">
         <name>PSS_IRQHandler</name>
         <value>0x3065</value>
      </symbol>
      <symbol id="sm-7c8">
         <name>CS_IRQHandler</name>
         <value>0x3065</value>
      </symbol>
      <symbol id="sm-7c9">
         <name>PCM_IRQHandler</name>
         <value>0x3065</value>
      </symbol>
      <symbol id="sm-7ca">
         <name>WDT_A_IRQHandler</name>
         <value>0x3065</value>
      </symbol>
      <symbol id="sm-7cb">
         <name>FPU_IRQHandler</name>
         <value>0x3065</value>
      </symbol>
      <symbol id="sm-7cc">
         <name>FLCTL_IRQHandler</name>
         <value>0x3065</value>
      </symbol>
      <symbol id="sm-7cd">
         <name>COMP_E0_IRQHandler</name>
         <value>0x3065</value>
      </symbol>
      <symbol id="sm-7ce">
         <name>COMP_E1_IRQHandler</name>
         <value>0x3065</value>
      </symbol>
      <symbol id="sm-7cf">
         <name>TA0_0_IRQHandler</name>
         <value>0x3065</value>
      </symbol>
      <symbol id="sm-7d0">
         <name>TA0_N_IRQHandler</name>
         <value>0x3065</value>
      </symbol>
      <symbol id="sm-7d1">
         <name>TA1_0_IRQHandler</name>
         <value>0x3065</value>
      </symbol>
      <symbol id="sm-7d2">
         <name>TA1_N_IRQHandler</name>
         <value>0x3065</value>
      </symbol>
      <symbol id="sm-7d3">
         <name>TA2_0_IRQHandler</name>
         <value>0x3065</value>
      </symbol>
      <symbol id="sm-7d4">
         <name>TA2_N_IRQHandler</name>
         <value>0x3065</value>
      </symbol>
      <symbol id="sm-7d5">
         <name>TA3_0_IRQHandler</name>
         <value>0x3065</value>
      </symbol>
      <symbol id="sm-7d6">
         <name>TA3_N_IRQHandler</name>
         <value>0x3065</value>
      </symbol>
      <symbol id="sm-7d7">
         <name>EUSCIA0_IRQHandler</name>
         <value>0x3065</value>
      </symbol>
      <symbol id="sm-7d8">
         <name>EUSCIA1_IRQHandler</name>
         <value>0x3065</value>
      </symbol>
      <symbol id="sm-7d9">
         <name>EUSCIA2_IRQHandler</name>
         <value>0x3065</value>
      </symbol>
      <symbol id="sm-7da">
         <name>EUSCIA3_IRQHandler</name>
         <value>0x3065</value>
      </symbol>
      <symbol id="sm-7db">
         <name>EUSCIB0_IRQHandler</name>
         <value>0x3065</value>
      </symbol>
      <symbol id="sm-7dc">
         <name>EUSCIB1_IRQHandler</name>
         <value>0x3065</value>
      </symbol>
      <symbol id="sm-7dd">
         <name>EUSCIB2_IRQHandler</name>
         <value>0x3065</value>
      </symbol>
      <symbol id="sm-7de">
         <name>EUSCIB3_IRQHandler</name>
         <value>0x3065</value>
      </symbol>
      <symbol id="sm-7df">
         <name>ADC14_IRQHandler</name>
         <value>0x3065</value>
      </symbol>
      <symbol id="sm-7e0">
         <name>T32_INT1_IRQHandler</name>
         <value>0xec9</value>
      </symbol>
      <symbol id="sm-7e1">
         <name>T32_INT2_IRQHandler</name>
         <value>0xf1b</value>
      </symbol>
      <symbol id="sm-7e2">
         <name>T32_INTC_IRQHandler</name>
         <value>0x3065</value>
      </symbol>
      <symbol id="sm-7e3">
         <name>AES256_IRQHandler</name>
         <value>0x3065</value>
      </symbol>
      <symbol id="sm-7e4">
         <name>RTC_C_IRQHandler</name>
         <value>0x3065</value>
      </symbol>
      <symbol id="sm-7e5">
         <name>DMA_ERR_IRQHandler</name>
         <value>0x3065</value>
      </symbol>
      <symbol id="sm-7e6">
         <name>DMA_INT3_IRQHandler</name>
         <value>0x3065</value>
      </symbol>
      <symbol id="sm-7e7">
         <name>DMA_INT2_IRQHandler</name>
         <value>0x3065</value>
      </symbol>
      <symbol id="sm-7e8">
         <name>DMA_INT1_IRQHandler</name>
         <value>0x3065</value>
      </symbol>
      <symbol id="sm-7e9">
         <name>DMA_INT0_IRQHandler</name>
         <value>0x3065</value>
      </symbol>
      <symbol id="sm-7ea">
         <name>PORT1_IRQHandler</name>
         <value>0x3065</value>
      </symbol>
      <symbol id="sm-7eb">
         <name>PORT2_IRQHandler</name>
         <value>0x3065</value>
      </symbol>
      <symbol id="sm-7ec">
         <name>PORT3_IRQHandler</name>
         <value>0x3065</value>
      </symbol>
      <symbol id="sm-7ed">
         <name>PORT4_IRQHandler</name>
         <value>0x3065</value>
      </symbol>
      <symbol id="sm-7ee">
         <name>PORT5_IRQHandler</name>
         <value>0x3065</value>
      </symbol>
      <symbol id="sm-7ef">
         <name>PORT6_IRQHandler</name>
         <value>0x3065</value>
      </symbol>
      <symbol id="sm-7f0">
         <name>remove</name>
         <value>0x2edd</value>
      </symbol>
   </symbol_table>
   <title>Link successful</title>
</link_info>
