******************************************************************************
                  TI ARM Linker PC v18.1.2                     
******************************************************************************
>> Linked Sun Feb 17 13:08:37 2019

OUTPUT FILE NAME:   <lab6.out>
ENTRY POINT SYMBOL: "_c_int00_noargs"  address: 00001055


MEMORY CONFIGURATION

         name            origin    length      used     unused   attr    fill
----------------------  --------  ---------  --------  --------  ----  --------
  MAIN                  00000000   00040000  00003acc  0003c534  R  X
  INFO                  00200000   00004000  00000000  00004000  R  X
  SRAM_CODE             01000000   00010000  00007f08  000080f8  RW X
  SRAM_DATA             20000000   00010000  00007f08  000080f8  RW  


SEGMENT ALLOCATION MAP

run origin  load origin   length   init length attrs members
----------  ----------- ---------- ----------- ----- -------
00000000    00000000    00003acc   00003acc    r-x
  00000000    00000000    000000e4   000000e4    r-- .intvecs
  000000e4    000000e4    00000fcc   00000fcc    r-x .text
  000010b0    000010b0    00002a1c   00002a1c    r-- .cinit
20000000    20000000    00007d08   00000000    rw-
  20000000    20000000    00007d08   00000000    rw- .data
2000fe00    2000fe00    00000200   00000000    rw-
  2000fe00    2000fe00    00000200   00000000    rw- .stack


SECTION ALLOCATION MAP

 output                                  attributes/
section   page    origin      length       input sections
--------  ----  ----------  ----------   ----------------
.intvecs   0    00000000    000000e4     
                  00000000    000000e4     startup_msp432p401r_ccs.obj (.intvecs:retain)

.text      0    000000e4    00000fcc     
                  000000e4    0000063c     main.obj (.text)
                  00000720    00000334     system_msp432p401r.obj (.text)
                  00000a54    000001b6     rtsv7M4_T_le_v4SPD16_eabi.lib : fd_add_t2.asm.obj (.text)
                  00000c0a    00000136                                   : fd_div_t2.asm.obj (.text)
                  00000d40    000000fc                                   : fd_mul_t2.asm.obj (.text)
                  00000e3c    0000009c                                   : memcpy_t2.asm.obj (.text)
                  00000ed8    00000086                                   : fd_cmp_t2.asm.obj (.text:__aeabi_cdrcmple)
                  00000f5e    00000068                                   : copy_decompress_lzss.c.obj (.text:decompress:lzss:__TI_decompress_lzss)
                  00000fc6    00000048                                   : fd_toi_t2.asm.obj (.text)
                  0000100e    00000002     --HOLE-- [fill = 0]
                  00001010    00000044                                   : autoinit.c.obj (.text:__TI_auto_init_nobinit_nopinit:__TI_auto_init_nobinit_nopinit)
                  00001054    00000038                                   : boot_cortex_m.c.obj (.text:_c_int00_noargs:_c_int00_noargs)
                  0000108c    0000000e                                   : copy_decompress_none.c.obj (.text:decompress:none:__TI_decompress_none)
                  0000109a    0000000e     startup_msp432p401r_ccs.obj (.text)
                  000010a8    00000004     rtsv7M4_T_le_v4SPD16_eabi.lib : pre_init.c.obj (.text:_system_pre_init)
                  000010ac    00000004                                   : exit.c.obj (.text:abort:abort)

.cinit     0    000010b0    00002a1c     
                  000010b0    00002a09     (.cinit..data.load) [load image, compression = lzss]
                  00003ab9    00000003     --HOLE-- [fill = 0]
                  00003abc    00000008     (__TI_handler_table)
                  00003ac4    00000008     (__TI_cinit_table)

.init_array 
*          0    00000000    00000000     UNINITIALIZED

.binit     0    00000000    00000000     

.data      0    20000000    00007d08     UNINITIALIZED
                  20000000    00003e80     main.obj (.data:beat)
                  20003e80    00003e80     main.obj (.data:fib)
                  20007d00    00000004     main.obj (.data)
                  20007d04    00000004     system_msp432p401r.obj (.data)

.stack     0    2000fe00    00000200     UNINITIALIZED
                  2000fe00    00000004     rtsv7M4_T_le_v4SPD16_eabi.lib : boot_cortex_m.c.obj (.stack)
                  2000fe04    000001fc     --HOLE--

MODULE SUMMARY

       Module                        code   ro data   rw data
       ------                        ----   -------   -------
    .\
       main.obj                      1596   0         64008  
       system_msp432p401r.obj        820    0         8      
       startup_msp432p401r_ccs.obj   14     228       0      
    +--+-----------------------------+------+---------+---------+
       Total:                        2430   228       64016  
                                                             
    C:\ti\ccsv8\tools\compiler\ti-cgt-arm_18.1.2.LTS\lib\rtsv7M4_T_le_v4SPD16_eabi.lib
       fd_add_t2.asm.obj             438    0         0      
       fd_div_t2.asm.obj             310    0         0      
       fd_mul_t2.asm.obj             252    0         0      
       memcpy_t2.asm.obj             156    0         0      
       fd_cmp_t2.asm.obj             134    0         0      
       copy_decompress_lzss.c.obj    104    0         0      
       fd_toi_t2.asm.obj             72     0         0      
       autoinit.c.obj                68     0         0      
       boot_cortex_m.c.obj           56     0         0      
       copy_decompress_none.c.obj    14     0         0      
       exit.c.obj                    4      0         0      
       pre_init.c.obj                4      0         0      
    +--+-----------------------------+------+---------+---------+
       Total:                        1612   0         0      
                                                             
       Stack:                        0      0         1024   
       Linker Generated:             0      10777     0      
    +--+-----------------------------+------+---------+---------+
       Grand Total:                  4042   11005     65040  


LINKER GENERATED COPY TABLES

__TI_cinit_table @ 00003ac4 records: 1, size/record: 8, table size: 8
	.data: load addr=000010b0, load size=00002a09 bytes, run addr=20000000, run size=00007d08 bytes, compression=lzss


LINKER GENERATED HANDLER TABLE

__TI_handler_table @ 00003abc records: 2, size/record: 4, table size: 8
	index: 0, handler: __TI_decompress_lzss
	index: 1, handler: __TI_decompress_none


GLOBAL SYMBOLS: SORTED ALPHABETICALLY BY Name 

address   name                          
-------   ----                          
000010a7  ADC14_IRQHandler              
000010a7  AES256_IRQHandler             
000010a7  BusFault_Handler              
000010ad  C$$EXIT                       
000010a7  COMP_E0_IRQHandler            
000010a7  COMP_E1_IRQHandler            
000010a7  CS_IRQHandler                 
000010a7  DMA_ERR_IRQHandler            
000010a7  DMA_INT0_IRQHandler           
000010a7  DMA_INT1_IRQHandler           
000010a7  DMA_INT2_IRQHandler           
000010a7  DMA_INT3_IRQHandler           
000010a7  DebugMon_Handler              
000010a7  Default_Handler               
000010a7  EUSCIA0_IRQHandler            
000010a7  EUSCIA1_IRQHandler            
000010a7  EUSCIA2_IRQHandler            
000010a7  EUSCIA3_IRQHandler            
000010a7  EUSCIB0_IRQHandler            
000010a7  EUSCIB1_IRQHandler            
000010a7  EUSCIB2_IRQHandler            
000010a7  EUSCIB3_IRQHandler            
000010a7  FLCTL_IRQHandler              
000010a7  FPU_IRQHandler                
000010a7  HardFault_Handler             
000010a7  MemManage_Handler             
000010a7  NMI_Handler                   
000010a7  PCM_IRQHandler                
000010a7  PORT1_IRQHandler              
000010a7  PORT2_IRQHandler              
000010a7  PORT3_IRQHandler              
000010a7  PORT4_IRQHandler              
000010a7  PORT5_IRQHandler              
000010a7  PORT6_IRQHandler              
000010a7  PSS_IRQHandler                
000010a7  PendSV_Handler                
000010a7  RTC_C_IRQHandler              
0000109b  Reset_Handler                 
000010a7  SVC_Handler                   
000010a7  SysTick_Handler               
20007d04  SystemCoreClock               
00000721  SystemCoreClockUpdate         
00000999  SystemInit                    
00000135  T32_INT1_IRQHandler           
00000135  T32_INT1_IRQHandler           
000010a7  T32_INT2_IRQHandler           
000010a7  T32_INTC_IRQHandler           
000010a7  TA0_0_IRQHandler              
00000271  TA0_N_IRQHandler              
00000271  TA0_N_IRQHandler              
000010a7  TA1_0_IRQHandler              
000010a7  TA1_N_IRQHandler              
000010a7  TA2_0_IRQHandler              
000010a7  TA2_N_IRQHandler              
000010a7  TA3_0_IRQHandler              
000010a7  TA3_N_IRQHandler              
000010a7  UsageFault_Handler            
4000480c  WDTCTL_SYM                    
000010a7  WDT_A_IRQHandler              
20010000  __STACK_END                   
00000200  __STACK_SIZE                  
00003ac4  __TI_CINIT_Base               
00003acc  __TI_CINIT_Limit              
00003abc  __TI_Handler_Table_Base       
00003ac4  __TI_Handler_Table_Limit      
00001011  __TI_auto_init_nobinit_nopinit
00000f5f  __TI_decompress_lzss          
0000108d  __TI_decompress_none          
ffffffff  __TI_pprof_out_hndl           
ffffffff  __TI_prof_data_size           
ffffffff  __TI_prof_data_start          
00000000  __TI_static_base__            
00000ed9  __aeabi_cdrcmple              
00000fc7  __aeabi_d2iz                  
00000a5f  __aeabi_dadd                  
00000c0b  __aeabi_ddiv                  
00000d41  __aeabi_dmul                  
00000a55  __aeabi_dsub                  
00000e3d  __aeabi_memcpy                
00000e3d  __aeabi_memcpy4               
00000e3d  __aeabi_memcpy8               
ffffffff  __binit__                     
ffffffff  __c_args__                    
UNDEFED   __mpu_init                    
2000fe00  __stack                       
00001055  _c_int00_noargs               
UNDEFED   _system_post_cinit            
000010a9  _system_pre_init              
000010ad  abort                         
00000369  analogRead                    
00000149  analogSetup                   
000001e7  analogWrite                   
20000000  beat                          
ffffffff  binit                         
00000381  buttonSetup                   
000000e5  delay                         
000003fd  dip                           
000003cb  dipSetup                      
20003e80  fib                           
00000000  interruptVectors              
000004d9  ledBar                        
000003a1  ledBarSetup                   
000005d1  main                          
00000e3d  memcpy                        
20007d00  ticks                         


GLOBAL SYMBOLS: SORTED BY Symbol Address 

address   name                          
-------   ----                          
00000000  __TI_static_base__            
00000000  interruptVectors              
000000e5  delay                         
00000135  T32_INT1_IRQHandler           
00000135  T32_INT1_IRQHandler           
00000149  analogSetup                   
000001e7  analogWrite                   
00000200  __STACK_SIZE                  
00000271  TA0_N_IRQHandler              
00000271  TA0_N_IRQHandler              
00000369  analogRead                    
00000381  buttonSetup                   
000003a1  ledBarSetup                   
000003cb  dipSetup                      
000003fd  dip                           
000004d9  ledBar                        
000005d1  main                          
00000721  SystemCoreClockUpdate         
00000999  SystemInit                    
00000a55  __aeabi_dsub                  
00000a5f  __aeabi_dadd                  
00000c0b  __aeabi_ddiv                  
00000d41  __aeabi_dmul                  
00000e3d  __aeabi_memcpy                
00000e3d  __aeabi_memcpy4               
00000e3d  __aeabi_memcpy8               
00000e3d  memcpy                        
00000ed9  __aeabi_cdrcmple              
00000f5f  __TI_decompress_lzss          
00000fc7  __aeabi_d2iz                  
00001011  __TI_auto_init_nobinit_nopinit
00001055  _c_int00_noargs               
0000108d  __TI_decompress_none          
0000109b  Reset_Handler                 
000010a7  ADC14_IRQHandler              
000010a7  AES256_IRQHandler             
000010a7  BusFault_Handler              
000010a7  COMP_E0_IRQHandler            
000010a7  COMP_E1_IRQHandler            
000010a7  CS_IRQHandler                 
000010a7  DMA_ERR_IRQHandler            
000010a7  DMA_INT0_IRQHandler           
000010a7  DMA_INT1_IRQHandler           
000010a7  DMA_INT2_IRQHandler           
000010a7  DMA_INT3_IRQHandler           
000010a7  DebugMon_Handler              
000010a7  Default_Handler               
000010a7  EUSCIA0_IRQHandler            
000010a7  EUSCIA1_IRQHandler            
000010a7  EUSCIA2_IRQHandler            
000010a7  EUSCIA3_IRQHandler            
000010a7  EUSCIB0_IRQHandler            
000010a7  EUSCIB1_IRQHandler            
000010a7  EUSCIB2_IRQHandler            
000010a7  EUSCIB3_IRQHandler            
000010a7  FLCTL_IRQHandler              
000010a7  FPU_IRQHandler                
000010a7  HardFault_Handler             
000010a7  MemManage_Handler             
000010a7  NMI_Handler                   
000010a7  PCM_IRQHandler                
000010a7  PORT1_IRQHandler              
000010a7  PORT2_IRQHandler              
000010a7  PORT3_IRQHandler              
000010a7  PORT4_IRQHandler              
000010a7  PORT5_IRQHandler              
000010a7  PORT6_IRQHandler              
000010a7  PSS_IRQHandler                
000010a7  PendSV_Handler                
000010a7  RTC_C_IRQHandler              
000010a7  SVC_Handler                   
000010a7  SysTick_Handler               
000010a7  T32_INT2_IRQHandler           
000010a7  T32_INTC_IRQHandler           
000010a7  TA0_0_IRQHandler              
000010a7  TA1_0_IRQHandler              
000010a7  TA1_N_IRQHandler              
000010a7  TA2_0_IRQHandler              
000010a7  TA2_N_IRQHandler              
000010a7  TA3_0_IRQHandler              
000010a7  TA3_N_IRQHandler              
000010a7  UsageFault_Handler            
000010a7  WDT_A_IRQHandler              
000010a9  _system_pre_init              
000010ad  C$$EXIT                       
000010ad  abort                         
00003abc  __TI_Handler_Table_Base       
00003ac4  __TI_CINIT_Base               
00003ac4  __TI_Handler_Table_Limit      
00003acc  __TI_CINIT_Limit              
20000000  beat                          
20003e80  fib                           
20007d00  ticks                         
20007d04  SystemCoreClock               
2000fe00  __stack                       
20010000  __STACK_END                   
4000480c  WDTCTL_SYM                    
ffffffff  __TI_pprof_out_hndl           
ffffffff  __TI_prof_data_size           
ffffffff  __TI_prof_data_start          
ffffffff  __binit__                     
ffffffff  __c_args__                    
ffffffff  binit                         
UNDEFED   __mpu_init                    
UNDEFED   _system_post_cinit            

[105 symbols]
